Component: ARM Compiler 5.06 update 6 (build 750) Tool: armlink [4d35ed]

==============================================================================

Section Cross References

    lcd_driver.o(i.AsciiDisplay6_12) refers to lcd_driver.o(i.SetAddress) for SetAddress
    lcd_driver.o(i.AsciiDisplay6_12) refers to lcd_driver.o(i.WriteData) for WriteData
    lcd_driver.o(i.AsciiDisplay6_12) refers to lcd_driver.o(.data) for INVERSE
    lcd_driver.o(i.AsciiDisplay6_12) refers to lcd_driver.o(.bss) for Template_Memory
    lcd_driver.o(i.AsciiDisplay6_12) refers to lcd_driver.o(.constdata) for nAsciiDots
    lcd_driver.o(i.AsciiDisplay8_16) refers to lcd_driver.o(i.SetAddress) for SetAddress
    lcd_driver.o(i.AsciiDisplay8_16) refers to lcd_driver.o(i.WriteData) for WriteData
    lcd_driver.o(i.AsciiDisplay8_16) refers to lcd_driver.o(.data) for INVERSE
    lcd_driver.o(i.AsciiDisplay8_16) refers to lcd_driver.o(.constdata) for nAsciiDot
    lcd_driver.o(i.AsciiDisplay8_16) refers to lcd_driver.o(.bss) for Template_Memory
    lcd_driver.o(i.COGClear) refers to lcd_driver.o(i.WriteCommand) for WriteCommand
    lcd_driver.o(i.COGClear) refers to lcd_driver.o(i.WriteData) for WriteData
    lcd_driver.o(i.COGClear) refers to lcd_driver.o(.bss) for Template_Memory
    lcd_driver.o(i.GrAsciiDraw) refers to lcd_driver.o(i.AsciiDisplay6_12) for AsciiDisplay6_12
    lcd_driver.o(i.GrClear) refers to lcd_driver.o(i.WriteCommand) for WriteCommand
    lcd_driver.o(i.GrClear) refers to lcd_driver.o(i.WriteData) for WriteData
    lcd_driver.o(i.GrClear) refers to lcd_driver.o(.bss) for Template_Memory
    lcd_driver.o(i.GrDisplay_ZK_16x16) refers to lcd_driver.o(i.ROM_WriteCmd) for ROM_WriteCmd
    lcd_driver.o(i.GrDisplay_ZK_16x16) refers to lcd_driver.o(i.SetAddress) for SetAddress
    lcd_driver.o(i.GrDisplay_ZK_16x16) refers to lcd_driver.o(i.ROM_ReadData) for ROM_ReadData
    lcd_driver.o(i.GrDisplay_ZK_16x16) refers to lcd_driver.o(i.WriteData) for WriteData
    lcd_driver.o(i.GrDisplay_ZK_16x16) refers to lcd_driver.o(.data) for INVERSE
    lcd_driver.o(i.GrDisplay_ZK_16x16) refers to lcd_driver.o(.bss) for Template_Memory
    lcd_driver.o(i.GrDisplay_ZK_5x8) refers to lcd_driver.o(i.ROM_WriteCmd) for ROM_WriteCmd
    lcd_driver.o(i.GrDisplay_ZK_5x8) refers to lcd_driver.o(i.SetAddress) for SetAddress
    lcd_driver.o(i.GrDisplay_ZK_5x8) refers to lcd_driver.o(i.ROM_ReadData) for ROM_ReadData
    lcd_driver.o(i.GrDisplay_ZK_5x8) refers to lcd_driver.o(i.WriteData) for WriteData
    lcd_driver.o(i.GrDisplay_ZK_5x8) refers to lcd_driver.o(.data) for INVERSE
    lcd_driver.o(i.GrDisplay_ZK_5x8) refers to lcd_driver.o(.bss) for Template_Memory
    lcd_driver.o(i.GrDisplay_ZK_8x16) refers to lcd_driver.o(i.ROM_WriteCmd) for ROM_WriteCmd
    lcd_driver.o(i.GrDisplay_ZK_8x16) refers to lcd_driver.o(i.SetAddress) for SetAddress
    lcd_driver.o(i.GrDisplay_ZK_8x16) refers to lcd_driver.o(i.ROM_ReadData) for ROM_ReadData
    lcd_driver.o(i.GrDisplay_ZK_8x16) refers to lcd_driver.o(i.WriteData) for WriteData
    lcd_driver.o(i.GrDisplay_ZK_8x16) refers to lcd_driver.o(.data) for INVERSE
    lcd_driver.o(i.GrDisplay_ZK_8x16) refers to lcd_driver.o(.bss) for Template_Memory
    lcd_driver.o(i.GrRectDraw) refers to lcd_driver.o(i.GrlineDraw) for GrlineDraw
    lcd_driver.o(i.GrStringDraw) refers to lcd_driver.o(i.AsciiDisplay8_16) for AsciiDisplay8_16
    lcd_driver.o(i.GrStringDraw) refers to lcd_driver.o(i.HzDisplay16_16) for HzDisplay16_16
    lcd_driver.o(i.GrStringNum) refers to lcd_driver.o(i.floatTochar) for floatTochar
    lcd_driver.o(i.GrStringNum) refers to lcd_driver.o(i.GrString_GB2312) for GrString_GB2312
    lcd_driver.o(i.GrStringNum) refers to lcd_driver.o(.bss) for databuf
    lcd_driver.o(i.GrString_5x8) refers to lcd_driver.o(i.GrDisplay_ZK_5x8) for GrDisplay_ZK_5x8
    lcd_driver.o(i.GrString_GB2312) refers to lcd_driver.o(i.GrDisplay_ZK_16x16) for GrDisplay_ZK_16x16
    lcd_driver.o(i.GrString_GB2312) refers to lcd_driver.o(i.GrDisplay_ZK_8x16) for GrDisplay_ZK_8x16
    lcd_driver.o(i.GrlineDraw) refers to dflti.o(.text) for __aeabi_i2d
    lcd_driver.o(i.GrlineDraw) refers to dmul.o(.text) for __aeabi_dmul
    lcd_driver.o(i.GrlineDraw) refers to ddiv.o(.text) for __aeabi_ddiv
    lcd_driver.o(i.GrlineDraw) refers to d2f.o(.text) for __aeabi_d2f
    lcd_driver.o(i.GrlineDraw) refers to fflti.o(.text) for __aeabi_ui2f
    lcd_driver.o(i.GrlineDraw) refers to fmul.o(x$fpl$fmul) for __aeabi_fmul
    lcd_driver.o(i.GrlineDraw) refers to faddsub.o(x$fpl$fadd) for __aeabi_fadd
    lcd_driver.o(i.GrlineDraw) refers to ffixui.o(.text) for __aeabi_f2uiz
    lcd_driver.o(i.GrlineDraw) refers to pow.o(i.pow) for pow
    lcd_driver.o(i.GrlineDraw) refers to dfixui.o(.text) for __aeabi_d2uiz
    lcd_driver.o(i.GrlineDraw) refers to lcd_driver.o(i.SetAddress) for SetAddress
    lcd_driver.o(i.GrlineDraw) refers to lcd_driver.o(i.WriteData) for WriteData
[...]
    lcd_driver.o(i.LCD_DriverInit) refers to lcd_driver.o(i.WriteCommand) for WriteCommand
    lcd_driver.o(i.LCD_DriverInit) refers to lcd_driver.o(i.COGClear) for COGClear
    lcd_driver.o(i.ROM_ReadData) refers to lcd_driver.o(i.delay_us) for delay_us
    lcd_driver.o(i.SetAddress) refers to lcd_driver.o(i.WriteCommand) for WriteCommand
    lcd_driver.o(i.WriteCommand) refers to lcd_driver.o(i.SendByte) for SendByte
    lcd_driver.o(i.WriteData) refers to lcd_driver.o(i.SendByte) for SendByte
    lcd_driver.o(i.Write_Ndata) refers to lcd_driver.o(i.SendByte) for SendByte
    lcd_driver.o(i.floatTochar) refers to flef.o(x$fpl$fleqf) for __aeabi_cfcmple
    lcd_driver.o(i.floatTochar) refers to f2d.o(.text) for __aeabi_f2d
    lcd_driver.o(i.floatTochar) refers to dfixui.o(.text) for __aeabi_d2uiz
    lcd_driver.o(i.floatTochar) refers to aeabi_sdiv.o(.text) for __aeabi_uidivmod
    lcd_driver.o(i.floatTochar) refers to ffixui.o(.text) for __aeabi_f2uiz
    lcd_driver.o(i.floatTochar) refers to fflti.o(.text) for __aeabi_ui2f
    lcd_driver.o(i.floatTochar) refers to faddsub.o(x$fpl$frsb) for __aeabi_frsub
    lcd_driver.o(i.floatTochar) refers to fmul.o(x$fpl$fmul) for __aeabi_fmul
    main.o(i.System_Init) refers to lcd_driver.o(i.LCD_DriverInit) for LCD_DriverInit
    main.o(i.System_Init) refers to hmi.o(i.Key_Init) for Key_Init
    main.o(i.absn) refers to flef.o(x$fpl$fleqf) for __aeabi_cfcmple
    main.o(i.accer_input) refers to main.o(i.mergein) for mergein
    main.o(i.accer_input) refers to main.o(.data) for rgx
    main.o(i.get_accer) refers to main.o(i.accer_input) for accer_input
    main.o(i.get_accer) refers to main.o(.data) for user_mode
    main.o(i.get_accer) refers to main.o(.bss) for eg1data
    main.o(i.key_reset) refers to main.o(i.delay_ms) for delay_ms
    main.o(i.key_reset) refers to main.o(.data) for ui8Key
    main.o(i.main) refers to hmi.o(i.RGBLED_Init) for RGBLED_Init
    main.o(i.main) refers to main.o(i.RGB) for RGB
    main.o(i.main) refers to main.o(i.System_Init) for System_Init
    main.o(i.main) refers to hmi.o(i.DrawMenu) for DrawMenu
    main.o(i.main) refers to main.o(i.delay_ms) for delay_ms
    main.o(i.main) refers to main.o(i.key_reset) for key_reset
    main.o(i.main) refers to main.o(i.choose_rl) for choose_rl
    main.o(i.main) refers to main.o(i.get_accer) for get_accer
    main.o(i.main) refers to main.o(i.result_ju) for result_ju
    main.o(i.main) refers to main.o(.data) for user_mode
    main.o(i.mergein) refers to faddsub.o(x$fpl$fadd) for __aeabi_fadd
    main.o(i.mergein) refers to fmul.o(x$fpl$fmul) for __aeabi_fmul
    main.o(i.mergein) refers to main.o(i.absn) for absn
    main.o(i.mergein) refers to fdiv.o(.text) for __aeabi_fdiv
    main.o(i.mergein) refers to main.o(.data) for rpart
    main.o(i.result_ju) refers to fmul.o(x$fpl$fmul) for __aeabi_fmul
    main.o(i.result_ju) refers to faddsub.o(x$fpl$fadd) for __aeabi_fadd
    main.o(i.result_ju) refers to frlef.o(x$fpl$frleqf) for __aeabi_cfrcmple
    main.o(i.result_ju) refers to main.o(.data) for rgz
    hmi.o(i.DrawMenu) refers to lcd_driver.o(i.GrClear) for GrClear
    hmi.o(i.DrawMenu) refers to hmi.o(i.prints) for prints
    hmi.o(i.DrawMenu) refers to hmi.o(i.printinv) for printinv
    hmi.o(i.DrawMenu) refers to hmi.o(i.int2char) for int2char
    hmi.o(i.DrawMenu) refers to aeabi_sdiv.o(.text) for __aeabi_idivmod
    hmi.o(i.DrawMenu) refers to lcd_driver.o(.data) for INVERSE
    hmi.o(i.DrawMenu) refers to hmi.o(.data) for cMark
    hmi.o(i.KEY_Down_Onclick) refers to main.o(.data) for ui8Key
    hmi.o(i.KEY_Left_Onclick) refers to main.o(.data) for ui8Key
    hmi.o(i.KEY_Right_Onclick) refers to main.o(.data) for ui8Key
    hmi.o(i.KEY_Up_Onclick) refers to main.o(.data) for ui8Key
    hmi.o(i.Key_IODect) refers to hmi.o(i.KEY_Left_Onclick) for KEY_Left_Onclick
    hmi.o(i.Key_IODect) refers to hmi.o(i.KEY_Right_Onclick) for KEY_Right_Onclick
    hmi.o(i.Key_IODect) refers to hmi.o(i.KEY_Up_Onclick) for KEY_Up_Onclick
    hmi.o(i.Key_IODect) refers to hmi.o(i.KEY_Down_Onclick) for KEY_Down_Onclick
    hmi.o(i.Key_IODect) refers to hmi.o(.data) for KEY1_Now
    hmi.o(i.Key_Init) refers to hmi.o(i.ButtonKey_Init) for ButtonKey_Init
    hmi.o(i.Key_Init) refers to hmi.o(i.SysTick_Init) for SysTick_Init
    hmi.o(i.int2char) refers to aeabi_sdiv.o(.text) for __aeabi_idivmod
    hmi.o(i.int2char) refers to hmi.o(.bss) for dataout
    hmi.o(i.printinv) refers to lcd_driver.o(i.GrStringDraw) for GrStringDraw
    hmi.o(i.printinv) refers to lcd_driver.o(.data) for INVERSE
    hmi.o(i.prints) refers to lcd_driver.o(i.GrStringDraw) for GrStringDraw
    hmi.o(i.prints) refers to lcd_driver.o(.data) for INVERSE
    hmi.o(.data) refers to hmi.o(.conststring) for .conststring
    isr.o(i.SysTick_Handler) refers to hmi.o(i.Key_IODect) for Key_IODect
    isr.o(i.SysTick_Handler) refers to isr.o(.data) for N_SysTick
    startup_mkl25z4.o(STACK) refers (Special) to heapauxi.o(.text) for __use_two_region_memory
    startup_mkl25z4.o(HEAP) refers (Special) to heapauxi.o(.text) for __use_two_region_memory
    startup_mkl25z4.o(RESET) refers (Special) to heapauxi.o(.text) for __use_two_region_memory
    startup_mkl25z4.o(RESET) refers to startup_mkl25z4.o(STACK) for __initial_sp
    startup_mkl25z4.o(RESET) refers to startup_mkl25z4.o(.text) for Reset_Handler
    startup_mkl25z4.o(RESET) refers to isr.o(i.SysTick_Handler) for SysTick_Handler
    startup_mkl25z4.o(.ARM.__at_0x400) refers (Special) to heapauxi.o(.text) for __use_two_region_memory
    startup_mkl25z4.o(.text) refers (Special) to heapauxi.o(.text) for __use_two_region_memory
    startup_mkl25z4.o(.text) refers to system_mkl25z4.o(i.SystemInit) for SystemInit
    startup_mkl25z4.o(.text) refers to __main.o(!!!main) for __main
    startup_mkl25z4.o(.text) refers to startup_mkl25z4.o(HEAP) for Heap_Mem
    startup_mkl25z4.o(.text) refers to startup_mkl25z4.o(STACK) for Stack_Mem
    system_mkl25z4.o(i.SystemCoreClockUpdate) refers to aeabi_sdiv.o(.text) for __aeabi_uidivmod
    system_mkl25z4.o(i.SystemCoreClockUpdate) refers to system_mkl25z4.o(i.__ARM_common_switch8) for __ARM_common_switch8
    system_mkl25z4.o(i.SystemCoreClockUpdate) refers to system_mkl25z4.o(.data) for SystemCoreClock
    __main.o(!!!main) refers to __rtentry.o(.ARM.Collect$$rtentry$$00000000) for __rt_entry
    d2f.o(.text) refers (Special) to usenofp.o(x$fpl$usenofp) for __I$use$fp
    ddiv.o(.text) refers (Special) to usenofp.o(x$fpl$usenofp) for __I$use$fp
    ddiv.o(.text) refers to ddiv.o(.constdata) for .constdata
    ddiv.o(.constdata) refers (Special) to usenofp.o(x$fpl$usenofp) for __I$use$fp
    dfixui.o(.text) refers (Special) to usenofp.o(x$fpl$usenofp) for __I$use$fp
    dflti.o(.text) refers (Special) to usenofp.o(x$fpl$usenofp) for __I$use$fp
    dmul.o(.text) refers (Special) to usenofp.o(x$fpl$usenofp) for __I$use$fp
    f2d.o(.text) refers (Special) to usenofp.o(x$fpl$usenofp) for __I$use$fp
    faddsub.o(x$fpl$fadd) refers (Special) to usenofp.o(x$fpl$usenofp) for __I$use$fp
    faddsub.o(x$fpl$fadd) refers to faddsub.o(x$fpl$fsub) for _fsub1
    faddsub.o(x$fpl$frsb) refers (Special) to usenofp.o(x$fpl$usenofp) for __I$use$fp
    faddsub.o(x$fpl$frsb) refers to faddsub.o(x$fpl$fsub) for _fsub1
    faddsub.o(x$fpl$frsb) refers to faddsub.o(x$fpl$fadd) for _fadd1
    faddsub.o(x$fpl$fsub) refers (Special) to usenofp.o(x$fpl$usenofp) for __I$use$fp
    faddsub.o(x$fpl$fsub) refers to faddsub.o(x$fpl$fadd) for _fadd1
    fdiv.o(.text) refers (Special) to usenofp.o(x$fpl$usenofp) for __I$use$fp
    fdiv.o(.text) refers to fdiv.o(.constdata) for .constdata
    fdiv.o(.constdata) refers (Special) to usenofp.o(x$fpl$usenofp) for __I$use$fp
    ffixui.o(.text) refers (Special) to usenofp.o(x$fpl$usenofp) for __I$use$fp
    fflti.o(.text) refers (Special) to usenofp.o(x$fpl$usenofp) for __I$use$fp
    flef.o(x$fpl$fleqf) refers (Special) to usenofp.o(x$fpl$usenofp) for __I$use$fp
    flef.o(x$fpl$fleqf) refers to fcmpin.o(.text) for __fpl_fcmp_InfNaN
    fmul.o(x$fpl$fmul) refers (Special) to usenofp.o(x$fpl$usenofp) for __I$use$fp
    frlef.o(x$fpl$frleqf) refers (Special) to usenofp.o(x$fpl$usenofp) for __I$use$fp
    frlef.o(x$fpl$frleqf) refers to fcmpin.o(.text) for __fpl_fcmp_InfNaN
    pow.o(i.__softfp_pow) refers (Special) to usenofp.o(x$fpl$usenofp) for __I$use$fp
    pow.o(i.__softfp_pow) refers to pow.o(i.pow) for pow
    pow.o(i.pow) refers (Special) to usenofp.o(x$fpl$usenofp) for __I$use$fp
    pow.o(i.pow) refers to dunder.o(i.__mathlib_dbl_infnan2) for __mathlib_dbl_infnan2
    pow.o(i.pow) refers to _rserrno.o(.text) for __set_errno
    pow.o(i.pow) refers to dunder.o(i.__mathlib_dbl_divzero) for __mathlib_dbl_divzero
    pow.o(i.pow) refers to ddiv.o(.text) for __aeabi_ddiv
    pow.o(i.pow) refers to sqrt.o(i.sqrt) for sqrt
    pow.o(i.pow) refers to dflti.o(.text) for __aeabi_i2d
    pow.o(i.pow) refers to dunder.o(i.__mathlib_dbl_invalid) for __mathlib_dbl_invalid
    pow.o(i.pow) refers to dunder.o(i.__mathlib_dbl_overflow) for __mathlib_dbl_overflow
    pow.o(i.pow) refers to dmul.o(.text) for __aeabi_dmul
    pow.o(i.pow) refers to dunder.o(i.__mathlib_dbl_underflow) for __mathlib_dbl_underflow
    pow.o(i.pow) refers to daddsub.o(.text) for __aeabi_dsub
    pow.o(i.pow) refers to dscalbn.o(.text) for __ARM_scalbn
    pow.o(i.pow) refers to qnan.o(.constdata) for __mathlib_zero
    pow.o(i.pow) refers to poly.o(i.__kernel_poly) for __kernel_poly
    pow.o(i.pow) refers to drlef.o(x$fpl$drleqf) for __aeabi_cdrcmple
    pow.o(i.pow) refers to pow.o(.constdata) for .constdata
    pow.o(i.pow) refers to fpclassify.o(i.__ARM_fpclassify) for __ARM_fpclassify
    pow.o(.constdata) refers (Special) to usenofp.o(x$fpl$usenofp) for __I$use$fp
    pow_x.o(i.____softfp_pow$lsc) refers (Special) to usenofp.o(x$fpl$usenofp) for __I$use$fp
    pow_x.o(i.____softfp_pow$lsc) refers to pow_x.o(i.__pow$lsc) for __pow$lsc
    pow_x.o(i.__pow$lsc) refers (Special) to usenofp.o(x$fpl$usenofp) for __I$use$fp
    pow_x.o(i.__pow$lsc) refers to dunder.o(i.__mathlib_dbl_infnan2) for __mathlib_dbl_infnan2
    pow_x.o(i.__pow$lsc) refers to _rserrno.o(.text) for __set_errno
    pow_x.o(i.__pow$lsc) refers to ddiv.o(.text) for __aeabi_ddiv
    pow_x.o(i.__pow$lsc) refers to sqrt.o(i.sqrt) for sqrt
    pow_x.o(i.__pow$lsc) refers to dflti.o(.text) for __aeabi_i2d
    pow_x.o(i.__pow$lsc) refers to dmul.o(.text) for __aeabi_dmul
    pow_x.o(i.__pow$lsc) refers to daddsub.o(.text) for __aeabi_dsub
    pow_x.o(i.__pow$lsc) refers to dscalbn.o(.text) for __ARM_scalbn
    pow_x.o(i.__pow$lsc) refers to qnan.o(.constdata) for __mathlib_zero
    pow_x.o(i.__pow$lsc) refers to poly.o(i.__kernel_poly) for __kernel_poly
    pow_x.o(i.__pow$lsc) refers to drlef.o(x$fpl$drleqf) for __aeabi_cdrcmple
    pow_x.o(i.__pow$lsc) refers to pow_x.o(.constdata) for .constdata
    pow_x.o(.constdata) refers (Special) to usenofp.o(x$fpl$usenofp) for __I$use$fp
    __rtentry.o(.ARM.Collect$$rtentry$$00000000) refers (Special) to __rtentry2.o(.ARM.Collect$$rtentry$$0000000A) for __rt_entry_li
    __rtentry.o(.ARM.Collect$$rtentry$$00000000) refers (Special) to __rtentry2.o(.ARM.Collect$$rtentry$$0000000D) for __rt_entry_main
    __rtentry.o(.ARM.Collect$$rtentry$$00000000) refers (Special) to __rtentry2.o(.ARM.Collect$$rtentry$$0000000C) for __rt_entry_postli_1
    __rtentry.o(.ARM.Collect$$rtentry$$00000000) refers (Special) to __rtentry2.o(.ARM.Collect$$rtentry$$00000009) for __rt_entry_postsh_1
    __rtentry.o(.ARM.Collect$$rtentry$$00000000) refers (Special) to __rtentry2.o(.ARM.Collect$$rtentry$$00000002) for __rt_entry_presh_1
    __rtentry.o(.ARM.Collect$$rtentry$$00000000) refers (Special) to __rtentry4.o(.ARM.Collect$$rtentry$$00000004) for __rt_entry_sh
    aeabi_idiv0_sigfpe.o(.text) refers to rt_div0.o(.text) for __rt_div0
    _rserrno.o(.text) refers to rt_errno_addr_intlibspace.o(.text) for __aeabi_errno_addr
    daddsub.o(.text) refers (Special) to usenofp.o(x$fpl$usenofp) for __I$use$fp
    drlef.o(x$fpl$drleqf) refers (Special) to usenofp.o(x$fpl$usenofp) for __I$use$fp
    drlef.o(x$fpl$drleqf) refers to dcmpin.o(.text) for __fpl_dcmp_InfNaN
    dscalbn.o(.text) refers (Special) to usenofp.o(x$fpl$usenofp) for __I$use$fp
    fcmpin.o(.text) refers (Special) to usenofp.o(x$fpl$usenofp) for __I$use$fp
    fcmpin.o(.text) refers to cmpret.o(.text) for __fpl_cmpreturn
    fcmpin.o(.text) refers to fnan2.o(.text) for __fpl_fcheck_NaN2
    dunder.o(i.__mathlib_dbl_divzero) refers to ddiv.o(.text) for __aeabi_ddiv
    dunder.o(i.__mathlib_dbl_infnan) refers to dscalbn.o(.text) for __ARM_scalbn
    dunder.o(i.__mathlib_dbl_infnan2) refers to daddsub.o(.text) for __aeabi_dadd
    dunder.o(i.__mathlib_dbl_invalid) refers to ddiv.o(.text) for __aeabi_ddiv
    dunder.o(i.__mathlib_dbl_overflow) refers to dscalbn.o(.text) for __ARM_scalbn
    dunder.o(i.__mathlib_dbl_posinfnan) refers to dmul.o(.text) for __aeabi_dmul
    dunder.o(i.__mathlib_dbl_underflow) refers to dscalbn.o(.text) for __ARM_scalbn
    fpclassify.o(i.__ARM_fpclassify) refers (Special) to usenofp.o(x$fpl$usenofp) for __I$use$fp
    poly.o(i.__kernel_poly) refers (Special) to usenofp.o(x$fpl$usenofp) for __I$use$fp
    poly.o(i.__kernel_poly) refers to dmul.o(.text) for __aeabi_dmul
    poly.o(i.__kernel_poly) refers to daddsub.o(.text) for __aeabi_dadd
    qnan.o(.constdata) refers (Special) to usenofp.o(x$fpl$usenofp) for __I$use$fp
    sqrt.o(i.__softfp_sqrt) refers (Special) to usenofp.o(x$fpl$usenofp) for __I$use$fp
    sqrt.o(i.__softfp_sqrt) refers to dsqrt.o(.text) for _dsqrt
    sqrt.o(i.__softfp_sqrt) refers to _rserrno.o(.text) for __set_errno
    sqrt.o(i.sqrt) refers (Special) to usenofp.o(x$fpl$usenofp) for __I$use$fp
    sqrt.o(i.sqrt) refers to dsqrt.o(.text) for _dsqrt
    sqrt.o(i.sqrt) refers to _rserrno.o(.text) for __set_errno
    sqrt_x.o(i.____softfp_sqrt$lsc) refers (Special) to usenofp.o(x$fpl$usenofp) for __I$use$fp
    sqrt_x.o(i.____softfp_sqrt$lsc) refers to dlef.o(x$fpl$dleqf) for __aeabi_cdcmple
    sqrt_x.o(i.____softfp_sqrt$lsc) refers to _rserrno.o(.text) for __set_errno
    sqrt_x.o(i.____softfp_sqrt$lsc) refers to dsqrt.o(.text) for _dsqrt
    sqrt_x.o(i.__sqrt$lsc) refers (Special) to usenofp.o(x$fpl$usenofp) for __I$use$fp
    sqrt_x.o(i.__sqrt$lsc) refers to dlef.o(x$fpl$dleqf) for __aeabi_cdcmple
    sqrt_x.o(i.__sqrt$lsc) refers to _rserrno.o(.text) for __set_errno
    sqrt_x.o(i.__sqrt$lsc) refers to dsqrt.o(.text) for _dsqrt
    __rtentry2.o(.ARM.Collect$$rtentry$$00000008) refers to boardinit2.o(.text) for _platform_post_stackheap_init
    __rtentry2.o(.ARM.Collect$$rtentry$$0000000A) refers to libinit.o(.ARM.Collect$$libinit$$00000000) for __rt_lib_init
    __rtentry2.o(.ARM.Collect$$rtentry$$0000000B) refers to boardinit3.o(.text) for _platform_post_lib_init
    __rtentry2.o(.ARM.Collect$$rtentry$$0000000D) refers to main.o(i.main) for main
    __rtentry2.o(.ARM.Collect$$rtentry$$0000000D) refers to exit.o(.text) for exit
    __rtentry2.o(.ARM.exidx) refers to __rtentry2.o(.ARM.Collect$$rtentry$$00000001) for .ARM.Collect$$rtentry$$00000001
    __rtentry2.o(.ARM.exidx) refers to __rtentry2.o(.ARM.Collect$$rtentry$$00000008) for .ARM.Collect$$rtentry$$00000008
    __rtentry2.o(.ARM.exidx) refers to __rtentry2.o(.ARM.Collect$$rtentry$$0000000A) for .ARM.Collect$$rtentry$$0000000A
    __rtentry2.o(.ARM.exidx) refers to __rtentry2.o(.ARM.Collect$$rtentry$$0000000B) for .ARM.Collect$$rtentry$$0000000B
    __rtentry2.o(.ARM.exidx) refers to __rtentry2.o(.ARM.Collect$$rtentry$$0000000D) for .ARM.Collect$$rtentry$$0000000D
    __rtentry4.o(.ARM.Collect$$rtentry$$00000004) refers to sys_stackheap_outer.o(.text) for __user_setup_stackheap
    __rtentry4.o(.ARM.exidx) refers to __rtentry4.o(.ARM.Collect$$rtentry$$00000004) for .ARM.Collect$$rtentry$$00000004
    rt_div0.o(.text) refers to defsig_fpe_outer.o(.text) for __rt_SIGFPE
    rt_errno_addr.o(.text) refers to rt_errno_addr.o(.bss) for __aeabi_errno_addr_data
    rt_errno_addr_intlibspace.o(.text) refers to libspace.o(.bss) for __libspace_start
    cmpret.o(.text) refers (Special) to usenofp.o(x$fpl$usenofp) for __I$use$fp
    dcmpin.o(.text) refers (Special) to usenofp.o(x$fpl$usenofp) for __I$use$fp
    dcmpin.o(.text) refers to cmpret.o(.text) for __fpl_cmpreturn
    dcmpin.o(.text) refers to dnan2.o(.text) for __fpl_dcheck_NaN2
    dlef.o(x$fpl$dleqf) refers (Special) to usenofp.o(x$fpl$usenofp) for __I$use$fp
    dlef.o(x$fpl$dleqf) refers to dcmpin.o(.text) for __fpl_dcmp_InfNaN
    dsqrt.o(.text) refers (Special) to usenofp.o(x$fpl$usenofp) for __I$use$fp
    fnan2.o(.text) refers (Special) to usenofp.o(x$fpl$usenofp) for __I$use$fp
    fnan2.o(.text) refers to retnan.o(.text) for __fpl_return_NaN
    libspace.o(.text) refers to libspace.o(.bss) for __libspace_start
    sys_stackheap_outer.o(.text) refers to libspace.o(.text) for __user_perproc_libspace
    sys_stackheap_outer.o(.text) refers to startup_mkl25z4.o(.text) for __user_initial_stackheap
    sys_stackheap_outer.o(__vectab_stack_and_reset_area) refers to tempstk.o(.text) for __temporary_stack_top
    sys_stackheap_outer.o(__vectab_stack_and_reset_area) refers to __main.o(!!!main) for __main
    exit.o(.text) refers to rtexit.o(.ARM.Collect$$rtexit$$00000000) for __rt_exit
    defsig_fpe_outer.o(.text) refers to defsig_fpe_inner.o(.text) for __rt_SIGFPE_inner
    defsig_fpe_outer.o(.text) refers to defsig_exit.o(.text) for __sig_exit
    defsig_fpe_formal.o(.text) refers to rt_raise.o(.text) for __rt_raise
    libinit.o(.ARM.Collect$$libinit$$00000000) refers (Special) to libinit2.o(.ARM.Collect$$libinit$$0000002E) for __rt_lib_init_alloca_1
    libinit.o(.ARM.Collect$$libinit$$00000000) refers (Special) to libinit2.o(.ARM.Collect$$libinit$$0000002C) for __rt_lib_init_argv_1
    libinit.o(.ARM.Collect$$libinit$$00000000) refers (Special) to libinit2.o(.ARM.Collect$$libinit$$0000001B) for __rt_lib_init_atexit_1
    libinit.o(.ARM.Collect$$libinit$$00000000) refers (Special) to libinit2.o(.ARM.Collect$$libinit$$00000021) for __rt_lib_init_clock_1
    libinit.o(.ARM.Collect$$libinit$$00000000) refers (Special) to libinit2.o(.ARM.Collect$$libinit$$00000032) for __rt_lib_init_cpp_1
    libinit.o(.ARM.Collect$$libinit$$00000000) refers (Special) to libinit2.o(.ARM.Collect$$libinit$$00000030) for __rt_lib_init_exceptions_1
    libinit.o(.ARM.Collect$$libinit$$00000000) refers (Special) to libinit2.o(.ARM.Collect$$libinit$$00000002) for __rt_lib_init_fp_1
    libinit.o(.ARM.Collect$$libinit$$00000000) refers (Special) to libinit2.o(.ARM.Collect$$libinit$$0000001F) for __rt_lib_init_fp_trap_1
    libinit.o(.ARM.Collect$$libinit$$00000000) refers (Special) to libinit2.o(.ARM.Collect$$libinit$$00000023) for __rt_lib_init_getenv_1
    libinit.o(.ARM.Collect$$libinit$$00000000) refers (Special) to libinit2.o(.ARM.Collect$$libinit$$0000000A) for __rt_lib_init_heap_1
    libinit.o(.ARM.Collect$$libinit$$00000000) refers (Special) to libinit2.o(.ARM.Collect$$libinit$$00000011) for __rt_lib_init_lc_collate_1
    libinit.o(.ARM.Collect$$libinit$$00000000) refers (Special) to libinit2.o(.ARM.Collect$$libinit$$00000013) for __rt_lib_init_lc_ctype_1
    libinit.o(.ARM.Collect$$libinit$$00000000) refers (Special) to libinit2.o(.ARM.Collect$$libinit$$00000015) for __rt_lib_init_lc_monetary_1
    libinit.o(.ARM.Collect$$libinit$$00000000) refers (Special) to libinit2.o(.ARM.Collect$$libinit$$00000017) for __rt_lib_init_lc_numeric_1
    libinit.o(.ARM.Collect$$libinit$$00000000) refers (Special) to libinit2.o(.ARM.Collect$$libinit$$00000019) for __rt_lib_init_lc_time_1
    libinit.o(.ARM.Collect$$libinit$$00000000) refers (Special) to libinit2.o(.ARM.Collect$$libinit$$00000004) for __rt_lib_init_preinit_1
    libinit.o(.ARM.Collect$$libinit$$00000000) refers (Special) to libinit2.o(.ARM.Collect$$libinit$$0000000E) for __rt_lib_init_rand_1
    libinit.o(.ARM.Collect$$libinit$$00000000) refers (Special) to libinit2.o(.ARM.Collect$$libinit$$00000033) for __rt_lib_init_return
    libinit.o(.ARM.Collect$$libinit$$00000000) refers (Special) to libinit2.o(.ARM.Collect$$libinit$$0000001D) for __rt_lib_init_signal_1
    libinit.o(.ARM.Collect$$libinit$$00000000) refers (Special) to libinit2.o(.ARM.Collect$$libinit$$00000025) for __rt_lib_init_stdio_1
    libinit.o(.ARM.Collect$$libinit$$00000000) refers (Special) to libinit2.o(.ARM.Collect$$libinit$$0000000C) for __rt_lib_init_user_alloc_1
    dnan2.o(.text) refers (Special) to usenofp.o(x$fpl$usenofp) for __I$use$fp
    dnan2.o(.text) refers to retnan.o(.text) for __fpl_return_NaN
    retnan.o(.text) refers (Special) to usenofp.o(x$fpl$usenofp) for __I$use$fp
    retnan.o(.text) refers to cmpret.o(.text) for __fpl_cmpreturn
    rtexit.o(.ARM.Collect$$rtexit$$00000000) refers (Special) to rtexit2.o(.ARM.Collect$$rtexit$$00000004) for __rt_exit_exit
    rtexit.o(.ARM.Collect$$rtexit$$00000000) refers (Special) to rtexit2.o(.ARM.Collect$$rtexit$$00000003) for __rt_exit_ls
    rtexit.o(.ARM.Collect$$rtexit$$00000000) refers (Special) to rtexit2.o(.ARM.Collect$$rtexit$$00000002) for __rt_exit_prels_1
    rtexit.o(.ARM.exidx) refers (Special) to rtexit2.o(.ARM.Collect$$rtexit$$00000004) for __rt_exit_exit
    rtexit.o(.ARM.exidx) refers (Special) to rtexit2.o(.ARM.Collect$$rtexit$$00000003) for __rt_exit_ls
    rtexit.o(.ARM.exidx) refers (Special) to rtexit2.o(.ARM.Collect$$rtexit$$00000002) for __rt_exit_prels_1
    rtexit.o(.ARM.exidx) refers to rtexit.o(.ARM.Collect$$rtexit$$00000000) for .ARM.Collect$$rtexit$$00000000
    rt_raise.o(.text) refers to __raise.o(.text) for __raise
    rt_raise.o(.text) refers to sys_exit.o(.text) for _sys_exit
    defsig_exit.o(.text) refers to sys_exit.o(.text) for _sys_exit
    defsig_fpe_inner.o(.text) refers to defsig_general.o(.text) for __default_signal_display
    libinit2.o(.ARM.Collect$$libinit$$00000010) refers to libinit2.o(.ARM.Collect$$libinit$$0000000F) for .ARM.Collect$$libinit$$0000000F
    libinit2.o(.ARM.Collect$$libinit$$00000012) refers to libinit2.o(.ARM.Collect$$libinit$$0000000F) for .ARM.Collect$$libinit$$0000000F
    libinit2.o(.ARM.Collect$$libinit$$00000014) refers to libinit2.o(.ARM.Collect$$libinit$$0000000F) for .ARM.Collect$$libinit$$0000000F
    libinit2.o(.ARM.Collect$$libinit$$00000016) refers to libinit2.o(.ARM.Collect$$libinit$$0000000F) for .ARM.Collect$$libinit$$0000000F
    libinit2.o(.ARM.Collect$$libinit$$00000018) refers to libinit2.o(.ARM.Collect$$libinit$$0000000F) for .ARM.Collect$$libinit$$0000000F
    libinit2.o(.ARM.Collect$$libinit$$00000026) refers to argv_veneer.o(.text) for __ARM_argv_veneer
    libinit2.o(.ARM.Collect$$libinit$$00000027) refers to argv_veneer.o(.text) for __ARM_argv_veneer
    sys_exit.o(.text) refers (Special) to use_no_semi.o(.text) for __I$use$semihosting
    sys_exit.o(.text) refers (Special) to indicate_semi.o(.text) for __semihosting_library_function
    rtexit2.o(.ARM.Collect$$rtexit$$00000003) refers to libshutdown.o(.ARM.Collect$$libshutdown$$00000000) for __rt_lib_shutdown
    rtexit2.o(.ARM.Collect$$rtexit$$00000004) refers to sys_exit.o(.text) for _sys_exit
    rtexit2.o(.ARM.exidx) refers to rtexit2.o(.ARM.Collect$$rtexit$$00000001) for .ARM.Collect$$rtexit$$00000001
    rtexit2.o(.ARM.exidx) refers to rtexit2.o(.ARM.Collect$$rtexit$$00000003) for .ARM.Collect$$rtexit$$00000003
    rtexit2.o(.ARM.exidx) refers to rtexit2.o(.ARM.Collect$$rtexit$$00000004) for .ARM.Collect$$rtexit$$00000004
    __raise.o(.text) refers to defsig.o(CL$$defsig) for __default_signal_handler
    defsig_general.o(.text) refers to sys_wrch.o(.text) for _ttywrch
    sys_wrch.o(.text) refers (Special) to use_no_semi.o(.text) for __I$use$semihosting
    sys_wrch.o(.text) refers (Special) to indicate_semi.o(.text) for __semihosting_library_function
    defsig.o(CL$$defsig) refers to defsig_fpe_inner.o(.text) for __rt_SIGFPE_inner
    defsig.o(CL$$defsig) refers to defsig_rtmem_inner.o(.text) for __rt_SIGRTMEM_inner
    _get_argv_nomalloc.o(.text) refers (Special) to hrguard.o(.text) for __heap_region$guard
    _get_argv_nomalloc.o(.text) refers to defsig_rtmem_outer.o(.text) for __rt_SIGRTMEM
    _get_argv_nomalloc.o(.text) refers to sys_command.o(.text) for _sys_command_string
    libshutdown.o(.ARM.Collect$$libshutdown$$00000000) refers (Special) to libshutdown2.o(.ARM.Collect$$libshutdown$$00000002) for __rt_lib_shutdown_cpp_1
    libshutdown.o(.ARM.Collect$$libshutdown$$00000000) refers (Special) to libshutdown2.o(.ARM.Collect$$libshutdown$$00000007) for __rt_lib_shutdown_fp_trap_1
    libshutdown.o(.ARM.Collect$$libshutdown$$00000000) refers (Special) to libshutdown2.o(.ARM.Collect$$libshutdown$$0000000F) for __rt_lib_shutdown_heap_1
    libshutdown.o(.ARM.Collect$$libshutdown$$00000000) refers (Special) to libshutdown2.o(.ARM.Collect$$libshutdown$$00000010) for __rt_lib_shutdown_return
    libshutdown.o(.ARM.Collect$$libshutdown$$00000000) refers (Special) to libshutdown2.o(.ARM.Collect$$libshutdown$$0000000A) for __rt_lib_shutdown_signal_1
    libshutdown.o(.ARM.Collect$$libshutdown$$00000000) refers (Special) to libshutdown2.o(.ARM.Collect$$libshutdown$$00000004) for __rt_lib_shutdown_stdio_1
    libshutdown.o(.ARM.Collect$$libshutdown$$00000000) refers (Special) to libshutdown2.o(.ARM.Collect$$libshutdown$$0000000C) for __rt_lib_shutdown_user_alloc_1
    sys_command.o(.text) refers (Special) to use_no_semi.o(.text) for __I$use$semihosting
    sys_command.o(.text) refers (Special) to indicate_semi.o(.text) for __semihosting_library_function
    defsig_abrt_inner.o(.text) refers to defsig_general.o(.text) for __default_signal_display
    defsig_rtred_inner.o(.text) refers to defsig_general.o(.text) for __default_signal_display
    defsig_rtmem_inner.o(.text) refers to defsig_general.o(.text) for __default_signal_display
    defsig_rtmem_outer.o(.text) refers to defsig_rtmem_inner.o(.text) for __rt_SIGRTMEM_inner
    defsig_rtmem_outer.o(.text) refers to defsig_exit.o(.text) for __sig_exit
    defsig_rtmem_formal.o(.text) refers to rt_raise.o(.text) for __rt_raise
    defsig_stak_inner.o(.text) refers to defsig_general.o(.text) for __default_signal_display
    defsig_pvfn_inner.o(.text) refers to defsig_general.o(.text) for __default_signal_display
    defsig_cppl_inner.o(.text) refers to defsig_general.o(.text) for __default_signal_display
    defsig_segv_inner.o(.text) refers to defsig_general.o(.text) for __default_signal_display
    defsig_other.o(.text) refers to defsig_general.o(.text) for __default_signal_display


==============================================================================

Removing Unused input sections from the image.

    Removing lcd_driver.o(.rev16_text), (4 bytes).
    Removing lcd_driver.o(.revsh_text), (4 bytes).
    Removing lcd_driver.o(i.GrDisplay_ZK_16x16), (188 bytes).
    Removing lcd_driver.o(i.GrDisplay_ZK_5x8), (160 bytes).
    Removing lcd_driver.o(i.GrDisplay_ZK_8x16), (188 bytes).
    Removing lcd_driver.o(i.GrRectDraw), (60 bytes).
    Removing lcd_driver.o(i.GrStringNum), (36 bytes).
    Removing lcd_driver.o(i.GrString_5x8), (76 bytes).
    Removing lcd_driver.o(i.GrString_GB2312), (212 bytes).
    Removing lcd_driver.o(i.GrlineDraw), (536 bytes).
    Removing lcd_driver.o(i.ROM_ReadData), (68 bytes).
    Removing lcd_driver.o(i.ROM_WriteCmd), (64 bytes).
    Removing lcd_driver.o(i.Write_Ndata), (64 bytes).
    Removing lcd_driver.o(i.delay_us), (22 bytes).
    Removing lcd_driver.o(i.floatTochar), (236 bytes).
    Removing main.o(.rev16_text), (4 bytes).
    Removing main.o(.revsh_text), (4 bytes).
    Removing main.o(i.delay), (12 bytes).
    Removing hmi.o(.rev16_text), (4 bytes).
    Removing hmi.o(.revsh_text), (4 bytes).
    Removing isr.o(.rev16_text), (4 bytes).
    Removing isr.o(.revsh_text), (4 bytes).
    Removing system_mkl25z4.o(.rev16_text), (4 bytes).
    Removing system_mkl25z4.o(.revsh_text), (4 bytes).
    Removing system_mkl25z4.o(i.SystemCoreClockUpdate), (400 bytes).
    Removing system_mkl25z4.o(.data), (4 bytes).
    Removing system_mkl25z4.o(i.__ARM_common_switch8), (28 bytes).

27 unused section(s) (total 2394 bytes) removed from the image.

==============================================================================

Image Symbol Table

    Local Symbols

    Symbol Name                              Value     Ov Type        Size  Object(Section)

    RESET                                    0x00000000   Section      192  startup_mkl25z4.o(RESET)
    ../clib/../cmprslib/zerorunl2.c          0x00000000   Number         0  __dczerorl2.o ABSOLUTE
    ../clib/angel/boardlib.s                 0x00000000   Number         0  boardinit2.o ABSOLUTE
    ../clib/angel/boardlib.s                 0x00000000   Number         0  boardshut.o ABSOLUTE
    ../clib/angel/boardlib.s                 0x00000000   Number         0  boardinit1.o ABSOLUTE
    ../clib/angel/boardlib.s                 0x00000000   Number         0  boardinit3.o ABSOLUTE
    ../clib/angel/handlers.s                 0x00000000   Number         0  __scatter_zi.o ABSOLUTE
    ../clib/angel/kernel.s                   0x00000000   Number         0  __rtentry.o ABSOLUTE
    ../clib/angel/kernel.s                   0x00000000   Number         0  __rtentry2.o ABSOLUTE
    ../clib/angel/kernel.s                   0x00000000   Number         0  rtexit.o ABSOLUTE
    ../clib/angel/kernel.s                   0x00000000   Number         0  rtexit2.o ABSOLUTE
    ../clib/angel/kernel.s                   0x00000000   Number         0  __rtentry4.o ABSOLUTE
    ../clib/angel/rt.s                       0x00000000   Number         0  rt_div0.o ABSOLUTE
    ../clib/angel/rt.s                       0x00000000   Number         0  rt_errno_addr.o ABSOLUTE
    ../clib/angel/rt.s                       0x00000000   Number         0  rt_errno_addr_intlibspace.o ABSOLUTE
    ../clib/angel/rt.s                       0x00000000   Number         0  rt_raise.o ABSOLUTE
    ../clib/angel/rt.s                       0x00000000   Number         0  aeabi_idiv0.o ABSOLUTE
    ../clib/angel/rt.s                       0x00000000   Number         0  aeabi_idiv0_sigfpe.o ABSOLUTE
    ../clib/angel/scatterp.s                 0x00000000   Number         0  __scatter.o ABSOLUTE
    ../clib/angel/startup.s                  0x00000000   Number         0  __main.o ABSOLUTE
    ../clib/angel/sys.s                      0x00000000   Number         0  libspace.o ABSOLUTE
    ../clib/angel/sys.s                      0x00000000   Number         0  sys_stackheap_outer.o ABSOLUTE
    ../clib/angel/sys.s                      0x00000000   Number         0  indicate_semi.o ABSOLUTE
    ../clib/angel/sys.s                      0x00000000   Number         0  tempstk.o ABSOLUTE
    ../clib/angel/sys.s                      0x00000000   Number         0  use_no_semi.o ABSOLUTE
    ../clib/angel/sysapp.c                   0x00000000   Number         0  sys_exit.o ABSOLUTE
    ../clib/angel/sysapp.c                   0x00000000   Number         0  sys_command.o ABSOLUTE
    ../clib/angel/sysapp.c                   0x00000000   Number         0  sys_wrch.o ABSOLUTE
    ../clib/armsys.c                         0x00000000   Number         0  _get_argv_nomalloc.o ABSOLUTE
    ../clib/armsys.c                         0x00000000   Number         0  no_argv.o ABSOLUTE
    ../clib/armsys.c                         0x00000000   Number         0  argv_veneer.o ABSOLUTE
    ../clib/division.s                       0x00000000   Number         0  aeabi_sdiv.o ABSOLUTE
    ../clib/division.s                       0x00000000   Number         0  aeabi_sdiv_div0.o ABSOLUTE
    ../clib/fenv.c                           0x00000000   Number         0  _rserrno.o ABSOLUTE
    ../clib/heapalloc.c                      0x00000000   Number         0  hrguard.o ABSOLUTE
    ../clib/heapaux.c                        0x00000000   Number         0  heapauxi.o ABSOLUTE
    ../clib/libinit.s                        0x00000000   Number         0  libshutdown2.o ABSOLUTE
    ../clib/libinit.s                        0x00000000   Number         0  libinit2.o ABSOLUTE
    ../clib/libinit.s                        0x00000000   Number         0  libshutdown.o ABSOLUTE
    ../clib/libinit.s                        0x00000000   Number         0  libinit.o ABSOLUTE
    ../clib/signal.c                         0x00000000   Number         0  defsig_cppl_inner.o ABSOLUTE
    ../clib/signal.c                         0x00000000   Number         0  defsig_fpe_formal.o ABSOLUTE
    ../clib/signal.c                         0x00000000   Number         0  defsig_fpe_inner.o ABSOLUTE
    ../clib/signal.c                         0x00000000   Number         0  defsig_fpe_outer.o ABSOLUTE
    ../clib/signal.c                         0x00000000   Number         0  defsig_stak_inner.o ABSOLUTE
    ../clib/signal.c                         0x00000000   Number         0  defsig_rtmem_formal.o ABSOLUTE
    ../clib/signal.c                         0x00000000   Number         0  defsig_rtmem_outer.o ABSOLUTE
    ../clib/signal.c                         0x00000000   Number         0  defsig_rtmem_inner.o ABSOLUTE
    ../clib/signal.c                         0x00000000   Number         0  defsig_pvfn_inner.o ABSOLUTE
    ../clib/signal.c                         0x00000000   Number         0  __raise.o ABSOLUTE
    ../clib/signal.c                         0x00000000   Number         0  defsig_rtred_inner.o ABSOLUTE
    ../clib/signal.c                         0x00000000   Number         0  defsig_abrt_inner.o ABSOLUTE
    ../clib/signal.c                         0x00000000   Number         0  defsig_segv_inner.o ABSOLUTE
    ../clib/signal.c                         0x00000000   Number         0  defsig_other.o ABSOLUTE
    ../clib/signal.c                         0x00000000   Number         0  defsig_exit.o ABSOLUTE
    ../clib/signal.c                         0x00000000   Number         0  defsig_general.o ABSOLUTE
    ../clib/signal.s                         0x00000000   Number         0  defsig.o ABSOLUTE
    ../clib/stdlib.c                         0x00000000   Number         0  exit.o ABSOLUTE
    ../fplib/cfplib/cmpret.c                 0x00000000   Number         0  cmpret.o ABSOLUTE
    ../fplib/cfplib/d2f.c                    0x00000000   Number         0  d2f.o ABSOLUTE
    ../fplib/cfplib/daddsub.c                0x00000000   Number         0  daddsub.o ABSOLUTE
    ../fplib/cfplib/dcmpin.c                 0x00000000   Number         0  dcmpin.o ABSOLUTE
    ../fplib/cfplib/ddiv.c                   0x00000000   Number         0  ddiv.o ABSOLUTE
    ../fplib/cfplib/dmul.c                   0x00000000   Number         0  dmul.o ABSOLUTE
    ../fplib/cfplib/dsqrt.c                  0x00000000   Number         0  dsqrt.o ABSOLUTE
    ../fplib/cfplib/f2d.c                    0x00000000   Number         0  f2d.o ABSOLUTE
    ../fplib/cfplib/fcmpin.c                 0x00000000   Number         0  fcmpin.o ABSOLUTE
    ../fplib/cfplib/fdiv.c                   0x00000000   Number         0  fdiv.o ABSOLUTE
    ../fplib/cfplib/ffix.c                   0x00000000   Number         0  dfixui.o ABSOLUTE
    ../fplib/cfplib/ffix.c                   0x00000000   Number         0  ffixui.o ABSOLUTE
    ../fplib/cfplib/fflt.c                   0x00000000   Number         0  dflti.o ABSOLUTE
    ../fplib/cfplib/fflt.c                   0x00000000   Number         0  fflti.o ABSOLUTE
    ../fplib/cfplib/fpinit.c                 0x00000000   Number         0  fpinit.o ABSOLUTE
    ../fplib/cfplib/nan2.c                   0x00000000   Number         0  dnan2.o ABSOLUTE
    ../fplib/cfplib/nan2.c                   0x00000000   Number         0  fnan2.o ABSOLUTE
    ../fplib/cfplib/retnan.c                 0x00000000   Number         0  retnan.o ABSOLUTE
    ../fplib/cfplib/scalbn.c                 0x00000000   Number         0  dscalbn.o ABSOLUTE
    ../fplib/dleqf6m.s                       0x00000000   Number         0  dlef.o ABSOLUTE
    ../fplib/drleqf6m.s                      0x00000000   Number         0  drlef.o ABSOLUTE
    ../fplib/faddsub6m.s                     0x00000000   Number         0  faddsub.o ABSOLUTE
    ../fplib/fleqf6m.s                       0x00000000   Number         0  flef.o ABSOLUTE
    ../fplib/fmul6m.s                        0x00000000   Number         0  fmul.o ABSOLUTE
    ../fplib/frleqf6m.s                      0x00000000   Number         0  frlef.o ABSOLUTE
    ../fplib/usenofp.s                       0x00000000   Number         0  usenofp.o ABSOLUTE
    ../mathlib/dunder.c                      0x00000000   Number         0  dunder.o ABSOLUTE
    ../mathlib/fpclassify.c                  0x00000000   Number         0  fpclassify.o ABSOLUTE
    ../mathlib/poly.c                        0x00000000   Number         0  poly.o ABSOLUTE
    ../mathlib/pow.c                         0x00000000   Number         0  pow.o ABSOLUTE
    ../mathlib/pow.c                         0x00000000   Number         0  pow_x.o ABSOLUTE
    ../mathlib/qnan.c                        0x00000000   Number         0  qnan.o ABSOLUTE
    ../mathlib/sqrt.c                        0x00000000   Number         0  sqrt_x.o ABSOLUTE
    ../mathlib/sqrt.c                        0x00000000   Number         0  sqrt.o ABSOLUTE
    RTE\Device\MKL25Z128xxx4\startup_MKL25Z4.s 0x00000000   Number         0  startup_mkl25z4.o ABSOLUTE
    RTE\Device\MKL25Z128xxx4\system_MKL25Z4.c 0x00000000   Number         0  system_mkl25z4.o ABSOLUTE
    RTE\\Device\\MKL25Z128xxx4\\system_MKL25Z4.c 0x00000000   Number         0  system_mkl25z4.o ABSOLUTE
    dc.s                                     0x00000000   Number         0  dc.o ABSOLUTE
    user\HMI.c                               0x00000000   Number         0  hmi.o ABSOLUTE
    user\ISR.c                               0x00000000   Number         0  isr.o ABSOLUTE
    user\\HMI.c                              0x00000000   Number         0  hmi.o ABSOLUTE
    user\\ISR.c                              0x00000000   Number         0  isr.o ABSOLUTE
    user\\lcd_driver.c                       0x00000000   Number         0  lcd_driver.o ABSOLUTE
    user\\main.c                             0x00000000   Number         0  main.o ABSOLUTE
    user\lcd_driver.c                        0x00000000   Number         0  lcd_driver.o ABSOLUTE
    user\main.c                              0x00000000   Number         0  main.o ABSOLUTE
    !!!main                                  0x000000c0   Section        8  __main.o(!!!main)
    !!!scatter                               0x000000c8   Section       60  __scatter.o(!!!scatter)
    !!handler_zi                             0x00000104   Section       28  __scatter_zi.o(!!handler_zi)
    .ARM.Collect$$libinit$$00000000          0x00000120   Section        2  libinit.o(.ARM.Collect$$libinit$$00000000)
    .ARM.Collect$$libinit$$00000002          0x00000122   Section        0  libinit2.o(.ARM.Collect$$libinit$$00000002)
    .ARM.Collect$$libinit$$00000004          0x00000122   Section        0  libinit2.o(.ARM.Collect$$libinit$$00000004)
    .ARM.Collect$$libinit$$0000000A          0x00000122   Section        0  libinit2.o(.ARM.Collect$$libinit$$0000000A)
    .ARM.Collect$$libinit$$0000000C          0x00000122   Section        0  libinit2.o(.ARM.Collect$$libinit$$0000000C)
    .ARM.Collect$$libinit$$0000000E          0x00000122   Section        0  libinit2.o(.ARM.Collect$$libinit$$0000000E)
    .ARM.Collect$$libinit$$00000011          0x00000122   Section        0  libinit2.o(.ARM.Collect$$libinit$$00000011)
    .ARM.Collect$$libinit$$00000013          0x00000122   Section        0  libinit2.o(.ARM.Collect$$libinit$$00000013)
    .ARM.Collect$$libinit$$00000015          0x00000122   Section        0  libinit2.o(.ARM.Collect$$libinit$$00000015)
    .ARM.Collect$$libinit$$00000017          0x00000122   Section        0  libinit2.o(.ARM.Collect$$libinit$$00000017)
    .ARM.Collect$$libinit$$00000019          0x00000122   Section        0  libinit2.o(.ARM.Collect$$libinit$$00000019)
    .ARM.Collect$$libinit$$0000001B          0x00000122   Section        0  libinit2.o(.ARM.Collect$$libinit$$0000001B)
    .ARM.Collect$$libinit$$0000001D          0x00000122   Section        0  libinit2.o(.ARM.Collect$$libinit$$0000001D)
    .ARM.Collect$$libinit$$0000001F          0x00000122   Section        0  libinit2.o(.ARM.Collect$$libinit$$0000001F)
    .ARM.Collect$$libinit$$00000021          0x00000122   Section        0  libinit2.o(.ARM.Collect$$libinit$$00000021)
    .ARM.Collect$$libinit$$00000023          0x00000122   Section        0  libinit2.o(.ARM.Collect$$libinit$$00000023)
    .ARM.Collect$$libinit$$00000025          0x00000122   Section        0  libinit2.o(.ARM.Collect$$libinit$$00000025)
    .ARM.Collect$$libinit$$0000002C          0x00000122   Section        0  libinit2.o(.ARM.Collect$$libinit$$0000002C)
    .ARM.Collect$$libinit$$0000002E          0x00000122   Section        0  libinit2.o(.ARM.Collect$$libinit$$0000002E)
    .ARM.Collect$$libinit$$00000030          0x00000122   Section        0  libinit2.o(.ARM.Collect$$libinit$$00000030)
    .ARM.Collect$$libinit$$00000032          0x00000122   Section        0  libinit2.o(.ARM.Collect$$libinit$$00000032)
    .ARM.Collect$$libinit$$00000033          0x00000122   Section        2  libinit2.o(.ARM.Collect$$libinit$$00000033)
    .ARM.Collect$$libshutdown$$00000000      0x00000124   Section        2  libshutdown.o(.ARM.Collect$$libshutdown$$00000000)
    .ARM.Collect$$libshutdown$$00000002      0x00000126   Section        0  libshutdown2.o(.ARM.Collect$$libshutdown$$00000002)
    .ARM.Collect$$libshutdown$$00000004      0x00000126   Section        0  libshutdown2.o(.ARM.Collect$$libshutdown$$00000004)
    .ARM.Collect$$libshutdown$$00000007      0x00000126   Section        0  libshutdown2.o(.ARM.Collect$$libshutdown$$00000007)
    .ARM.Collect$$libshutdown$$0000000A      0x00000126   Section        0  libshutdown2.o(.ARM.Collect$$libshutdown$$0000000A)
    .ARM.Collect$$libshutdown$$0000000C      0x00000126   Section        0  libshutdown2.o(.ARM.Collect$$libshutdown$$0000000C)
    .ARM.Collect$$libshutdown$$0000000F      0x00000126   Section        0  libshutdown2.o(.ARM.Collect$$libshutdown$$0000000F)
    .ARM.Collect$$libshutdown$$00000010      0x00000126   Section        2  libshutdown2.o(.ARM.Collect$$libshutdown$$00000010)
    .ARM.Collect$$rtentry$$00000000          0x00000128   Section        0  __rtentry.o(.ARM.Collect$$rtentry$$00000000)
    .ARM.Collect$$rtentry$$00000002          0x00000128   Section        0  __rtentry2.o(.ARM.Collect$$rtentry$$00000002)
    .ARM.Collect$$rtentry$$00000004          0x00000128   Section        6  __rtentry4.o(.ARM.Collect$$rtentry$$00000004)
    .ARM.Collect$$rtentry$$00000009          0x0000012e   Section        0  __rtentry2.o(.ARM.Collect$$rtentry$$00000009)
    .ARM.Collect$$rtentry$$0000000A          0x0000012e   Section        4  __rtentry2.o(.ARM.Collect$$rtentry$$0000000A)
    .ARM.Collect$$rtentry$$0000000C          0x00000132   Section        0  __rtentry2.o(.ARM.Collect$$rtentry$$0000000C)
    .ARM.Collect$$rtentry$$0000000D          0x00000132   Section        8  __rtentry2.o(.ARM.Collect$$rtentry$$0000000D)
    .ARM.Collect$$rtexit$$00000000           0x0000013a   Section        2  rtexit.o(.ARM.Collect$$rtexit$$00000000)
    .ARM.Collect$$rtexit$$00000002           0x0000013c   Section        0  rtexit2.o(.ARM.Collect$$rtexit$$00000002)
    .ARM.Collect$$rtexit$$00000003           0x0000013c   Section        4  rtexit2.o(.ARM.Collect$$rtexit$$00000003)
    .ARM.Collect$$rtexit$$00000004           0x00000140   Section        6  rtexit2.o(.ARM.Collect$$rtexit$$00000004)
    .text                                    0x00000148   Section       64  startup_mkl25z4.o(.text)
    .text                                    0x00000188   Section      346  aeabi_sdiv.o(.text)
    .text                                    0x000002e2   Section        0  heapauxi.o(.text)
    .text                                    0x000002e8   Section        0  fcmpin.o(.text)
    .text                                    0x0000034c   Section        0  cmpret.o(.text)
    .text                                    0x0000037c   Section        0  fnan2.o(.text)
    .text                                    0x0000038c   Section        8  libspace.o(.text)
    .text                                    0x00000394   Section       62  sys_stackheap_outer.o(.text)
    .text                                    0x000003d2   Section        0  exit.o(.text)
    .text                                    0x000003e4   Section        0  sys_exit.o(.text)
    .text                                    0x000003f0   Section        2  use_no_semi.o(.text)
    .text                                    0x000003f2   Section        0  indicate_semi.o(.text)
    i.KEY_Down_Onclick                       0x000003f4   Section        0  hmi.o(i.KEY_Down_Onclick)
    KEY_Down_Onclick                         0x000003f5   Thumb Code     8  hmi.o(i.KEY_Down_Onclick)
    .ARM.__at_0x400                          0x00000400   Section       16  startup_mkl25z4.o(.ARM.__at_0x400)
    .text                                    0x00000410   Section        0  fdiv.o(.text)
    .text                                    0x00000570   Section        0  retnan.o(.text)
    .text                                    0x000005ce   Section        0  __dczerorl2.o(.text)
    i.AsciiDisplay6_12                       0x00000624   Section        0  lcd_driver.o(i.AsciiDisplay6_12)
    i.AsciiDisplay8_16                       0x00000734   Section        0  lcd_driver.o(i.AsciiDisplay8_16)
    i.ButtonKey_Init                         0x000007d8   Section        0  hmi.o(i.ButtonKey_Init)
    ButtonKey_Init                           0x000007d9   Thumb Code    42  hmi.o(i.ButtonKey_Init)
    i.COGClear                               0x00000810   Section        0  lcd_driver.o(i.COGClear)
    COGClear                                 0x00000811   Thumb Code    64  lcd_driver.o(i.COGClear)
    i.DrawMenu                               0x00000854   Section        0  hmi.o(i.DrawMenu)
    i.GrAsciiDraw                            0x00000928   Section        0  lcd_driver.o(i.GrAsciiDraw)
    i.GrClear                                0x00000958   Section        0  lcd_driver.o(i.GrClear)
    i.GrStringDraw                           0x000009a4   Section        0  lcd_driver.o(i.GrStringDraw)
    i.HzDisplay16_16                         0x00000a0c   Section        0  lcd_driver.o(i.HzDisplay16_16)
    i.InitGPIOLCDInterface                   0x00000b24   Section        0  lcd_driver.o(i.InitGPIOLCDInterface)
    InitGPIOLCDInterface                     0x00000b25   Thumb Code   230  lcd_driver.o(i.InitGPIOLCDInterface)
    i.InitLCDDisplayBuffer                   0x00000c2c   Section        0  lcd_driver.o(i.InitLCDDisplayBuffer)
    InitLCDDisplayBuffer                     0x00000c2d   Thumb Code    44  lcd_driver.o(i.InitLCDDisplayBuffer)
    i.KEY_Left_Onclick                       0x00000c5c   Section        0  hmi.o(i.KEY_Left_Onclick)
    KEY_Left_Onclick                         0x00000c5d   Thumb Code     8  hmi.o(i.KEY_Left_Onclick)
    i.KEY_Right_Onclick                      0x00000c68   Section        0  hmi.o(i.KEY_Right_Onclick)
    KEY_Right_Onclick                        0x00000c69   Thumb Code     8  hmi.o(i.KEY_Right_Onclick)
    i.KEY_Up_Onclick                         0x00000c74   Section        0  hmi.o(i.KEY_Up_Onclick)
    KEY_Up_Onclick                           0x00000c75   Thumb Code     8  hmi.o(i.KEY_Up_Onclick)
    i.Key_IODect                             0x00000c80   Section        0  hmi.o(i.Key_IODect)
    i.Key_Init                               0x00000d5c   Section        0  hmi.o(i.Key_Init)
    i.LCD_DriverInit                         0x00000d68   Section        0  lcd_driver.o(i.LCD_DriverInit)
    i.RGB                                    0x00000e0c   Section        0  main.o(i.RGB)
    i.RGBLED_Init                            0x00000e60   Section        0  hmi.o(i.RGBLED_Init)
    i.SendByte                               0x00000ec8   Section        0  lcd_driver.o(i.SendByte)
    SendByte                                 0x00000ec9   Thumb Code    56  lcd_driver.o(i.SendByte)
    i.SetAddress                             0x00000f04   Section        0  lcd_driver.o(i.SetAddress)
    i.SysTick_Handler                        0x00000f3c   Section        0  isr.o(i.SysTick_Handler)
    i.SysTick_Init                           0x00000f54   Section        0  hmi.o(i.SysTick_Init)
    i.SystemInit                             0x00000f68   Section        0  system_mkl25z4.o(i.SystemInit)
    i.System_Init                            0x00000f74   Section        0  main.o(i.System_Init)
    i.WriteCommand                           0x00000f80   Section        0  lcd_driver.o(i.WriteCommand)
    WriteCommand                             0x00000f81   Thumb Code    32  lcd_driver.o(i.WriteCommand)
    i.WriteData                              0x00000fa4   Section        0  lcd_driver.o(i.WriteData)
    WriteData                                0x00000fa5   Thumb Code    32  lcd_driver.o(i.WriteData)
    i.absn                                   0x00000fc8   Section        0  main.o(i.absn)
    i.accer_input                            0x00000fe4   Section        0  main.o(i.accer_input)
    i.choose_rl                              0x00001024   Section        0  main.o(i.choose_rl)
    i.delay_COG12864                         0x00001034   Section        0  lcd_driver.o(i.delay_COG12864)
    delay_COG12864                           0x00001035   Thumb Code    28  lcd_driver.o(i.delay_COG12864)
    i.delay_ms                               0x00001054   Section        0  main.o(i.delay_ms)
    i.get_accer                              0x00001074   Section        0  main.o(i.get_accer)
    i.int2char                               0x00001150   Section        0  hmi.o(i.int2char)
    i.key_reset                              0x000011c0   Section        0  main.o(i.key_reset)
    i.main                                   0x000011d4   Section        0  main.o(i.main)
    i.mergein                                0x0000134c   Section        0  main.o(i.mergein)
    i.printinv                               0x0000138c   Section        0  hmi.o(i.printinv)
    i.prints                                 0x000013a8   Section        0  hmi.o(i.prints)
    i.result_ju                              0x000013c4   Section        0  main.o(i.result_ju)
    x$fpl$fadd                               0x00001420   Section      140  faddsub.o(x$fpl$fadd)
    _fadd1                                   0x0000142d   Thumb Code     0  faddsub.o(x$fpl$fadd)
    x$fpl$fleqf                              0x000014ac   Section       84  flef.o(x$fpl$fleqf)
    x$fpl$fmul                               0x00001500   Section      176  fmul.o(x$fpl$fmul)
    x$fpl$frleqf                             0x000015b0   Section       88  frlef.o(x$fpl$frleqf)
    x$fpl$fsub                               0x00001608   Section      208  faddsub.o(x$fpl$fsub)
    _fsub1                                   0x00001615   Thumb Code     0  faddsub.o(x$fpl$fsub)
    .constdata                               0x000016d8   Section     3266  lcd_driver.o(.constdata)
    x$fpl$usenofp                            0x000016d8   Section        0  usenofp.o(x$fpl$usenofp)
    .constdata                               0x0000239a   Section       64  fdiv.o(.constdata)
    fdiv_tab                                 0x0000239a   Data          64  fdiv.o(.constdata)
    .conststring                             0x000023dc   Section      205  hmi.o(.conststring)
    .data                                    0x1ffff000   Section        1  lcd_driver.o(.data)
    .data                                    0x1ffff004   Section      424  main.o(.data)
    .data                                    0x1ffff1ac   Section       84  hmi.o(.data)
    KEY1_Now                                 0x1ffff1fc   Data           1  hmi.o(.data)
    KEY2_Now                                 0x1ffff1fd   Data           1  hmi.o(.data)
    KEY3_Now                                 0x1ffff1fe   Data           1  hmi.o(.data)
    KEY4_Now                                 0x1ffff1ff   Data           1  hmi.o(.data)
    .data                                    0x1ffff200   Section        2  isr.o(.data)
    .bss                                     0x1ffff204   Section     1034  lcd_driver.o(.bss)
    .bss                                     0x1ffff610   Section      360  main.o(.bss)
    .bss                                     0x1ffff778   Section       10  hmi.o(.bss)
    dataout                                  0x1ffff778   Data          10  hmi.o(.bss)
    .bss                                     0x1ffff784   Section       96  libspace.o(.bss)
    HEAP                                     0x1ffff7e8   Section        0  startup_mkl25z4.o(HEAP)
    STACK                                    0x1ffff7e8   Section      256  startup_mkl25z4.o(STACK)
    Heap_Mem                                 0x1ffff7e8   Data           0  startup_mkl25z4.o(HEAP)
    Stack_Mem                                0x1ffff7e8   Data         256  startup_mkl25z4.o(STACK)
    __initial_sp                             0x1ffff8e8   Data           0  startup_mkl25z4.o(STACK)

    Global Symbols

    Symbol Name                              Value     Ov Type        Size  Object(Section)

    BuildAttributes$$THM_ISAv3M$S$PE$A:L22$X:L11$S22$IEEE1$IW$USESV6$~STKCKD$USESV7$~SHL$OTIME$ROPI$IEEEX$EBA8$UX$STANDARDLIB$REQ8$PRES8$EABIv2 0x00000000   Number         0  anon$$obj.o ABSOLUTE
    __ARM_use_no_argv                        0x00000000   Number         0  main.o ABSOLUTE
    __Vectors                                0x00000000   Data           4  startup_mkl25z4.o(RESET)
    __ARM_exceptions_init                     - Undefined Weak Reference
    __alloca_initialize                       - Undefined Weak Reference
    __arm_preinit_                            - Undefined Weak Reference
    __cpp_initialize__aeabi_                  - Undefined Weak Reference
    __cxa_finalize                            - Undefined Weak Reference
    __rt_locale                               - Undefined Weak Reference
    __sigvec_lookup                           - Undefined Weak Reference
    _atexit_init                              - Undefined Weak Reference
    _call_atexit_fns                          - Undefined Weak Reference
    _clock_init                               - Undefined Weak Reference
    _fp_trap_init                             - Undefined Weak Reference
    _fp_trap_shutdown                         - Undefined Weak Reference
    _get_lc_collate                           - Undefined Weak Reference
    _get_lc_ctype                             - Undefined Weak Reference
    _get_lc_monetary                          - Undefined Weak Reference
    _get_lc_numeric                           - Undefined Weak Reference
    _get_lc_time                              - Undefined Weak Reference
    _getenv_init                              - Undefined Weak Reference
    _handle_redirection                       - Undefined Weak Reference
    _init_alloc                               - Undefined Weak Reference
    _init_user_alloc                          - Undefined Weak Reference
    _initio                                   - Undefined Weak Reference
    _rand_init                                - Undefined Weak Reference
    _signal_finish                            - Undefined Weak Reference
    _signal_init                              - Undefined Weak Reference
    _terminate_alloc                          - Undefined Weak Reference
    _terminate_user_alloc                     - Undefined Weak Reference
    _terminateio                              - Undefined Weak Reference
    __Vectors_End                            0x000000c0   Data           0  startup_mkl25z4.o(RESET)
    __Vectors_Size                           0x000000c0   Number         0  startup_mkl25z4.o ABSOLUTE
    __main                                   0x000000c1   Thumb Code     8  __main.o(!!!main)
    __scatterload                            0x000000c9   Thumb Code     0  __scatter.o(!!!scatter)
    __scatterload_rt2                        0x000000c9   Thumb Code    52  __scatter.o(!!!scatter)
    __scatterload_rt2_thumb_only             0x000000c9   Thumb Code     0  __scatter.o(!!!scatter)
    __scatterload_null                       0x000000d9   Thumb Code     0  __scatter.o(!!!scatter)
    __scatterload_zeroinit                   0x00000105   Thumb Code    28  __scatter_zi.o(!!handler_zi)
    __rt_lib_init                            0x00000121   Thumb Code     0  libinit.o(.ARM.Collect$$libinit$$00000000)
    __rt_lib_init_alloca_1                   0x00000123   Thumb Code     0  libinit2.o(.ARM.Collect$$libinit$$0000002E)
    __rt_lib_init_argv_1                     0x00000123   Thumb Code     0  libinit2.o(.ARM.Collect$$libinit$$0000002C)
    __rt_lib_init_atexit_1                   0x00000123   Thumb Code     0  libinit2.o(.ARM.Collect$$libinit$$0000001B)
    __rt_lib_init_clock_1                    0x00000123   Thumb Code     0  libinit2.o(.ARM.Collect$$libinit$$00000021)
    __rt_lib_init_cpp_1                      0x00000123   Thumb Code     0  libinit2.o(.ARM.Collect$$libinit$$00000032)
    __rt_lib_init_exceptions_1               0x00000123   Thumb Code     0  libinit2.o(.ARM.Collect$$libinit$$00000030)
    __rt_lib_init_fp_1                       0x00000123   Thumb Code     0  libinit2.o(.ARM.Collect$$libinit$$00000002)
    __rt_lib_init_fp_trap_1                  0x00000123   Thumb Code     0  libinit2.o(.ARM.Collect$$libinit$$0000001F)
    __rt_lib_init_getenv_1                   0x00000123   Thumb Code     0  libinit2.o(.ARM.Collect$$libinit$$00000023)
    __rt_lib_init_heap_1                     0x00000123   Thumb Code     0  libinit2.o(.ARM.Collect$$libinit$$0000000A)
    __rt_lib_init_lc_collate_1               0x00000123   Thumb Code     0  libinit2.o(.ARM.Collect$$libinit$$00000011)
    __rt_lib_init_lc_ctype_1                 0x00000123   Thumb Code     0  libinit2.o(.ARM.Collect$$libinit$$00000013)
    __rt_lib_init_lc_monetary_1              0x00000123   Thumb Code     0  libinit2.o(.ARM.Collect$$libinit$$00000015)
    __rt_lib_init_lc_numeric_1               0x00000123   Thumb Code     0  libinit2.o(.ARM.Collect$$libinit$$00000017)
    __rt_lib_init_lc_time_1                  0x00000123   Thumb Code     0  libinit2.o(.ARM.Collect$$libinit$$00000019)
    __rt_lib_init_preinit_1                  0x00000123   Thumb Code     0  libinit2.o(.ARM.Collect$$libinit$$00000004)
    __rt_lib_init_rand_1                     0x00000123   Thumb Code     0  libinit2.o(.ARM.Collect$$libinit$$0000000E)
    __rt_lib_init_return                     0x00000123   Thumb Code     0  libinit2.o(.ARM.Collect$$libinit$$00000033)
    __rt_lib_init_signal_1                   0x00000123   Thumb Code     0  libinit2.o(.ARM.Collect$$libinit$$0000001D)
    __rt_lib_init_stdio_1                    0x00000123   Thumb Code     0  libinit2.o(.ARM.Collect$$libinit$$00000025)
    __rt_lib_init_user_alloc_1               0x00000123   Thumb Code     0  libinit2.o(.ARM.Collect$$libinit$$0000000C)
    __rt_lib_shutdown                        0x00000125   Thumb Code     0  libshutdown.o(.ARM.Collect$$libshutdown$$00000000)
    __rt_lib_shutdown_cpp_1                  0x00000127   Thumb Code     0  libshutdown2.o(.ARM.Collect$$libshutdown$$00000002)
    __rt_lib_shutdown_fp_trap_1              0x00000127   Thumb Code     0  libshutdown2.o(.ARM.Collect$$libshutdown$$00000007)
    __rt_lib_shutdown_heap_1                 0x00000127   Thumb Code     0  libshutdown2.o(.ARM.Collect$$libshutdown$$0000000F)
    __rt_lib_shutdown_return                 0x00000127   Thumb Code     0  libshutdown2.o(.ARM.Collect$$libshutdown$$00000010)
    __rt_lib_shutdown_signal_1               0x00000127   Thumb Code     0  libshutdown2.o(.ARM.Collect$$libshutdown$$0000000A)
    __rt_lib_shutdown_stdio_1                0x00000127   Thumb Code     0  libshutdown2.o(.ARM.Collect$$libshutdown$$00000004)
    __rt_lib_shutdown_user_alloc_1           0x00000127   Thumb Code     0  libshutdown2.o(.ARM.Collect$$libshutdown$$0000000C)
    __rt_entry                               0x00000129   Thumb Code     0  __rtentry.o(.ARM.Collect$$rtentry$$00000000)
    __rt_entry_presh_1                       0x00000129   Thumb Code     0  __rtentry2.o(.ARM.Collect$$rtentry$$00000002)
    __rt_entry_sh                            0x00000129   Thumb Code     0  __rtentry4.o(.ARM.Collect$$rtentry$$00000004)
    __rt_entry_li                            0x0000012f   Thumb Code     0  __rtentry2.o(.ARM.Collect$$rtentry$$0000000A)
    __rt_entry_postsh_1                      0x0000012f   Thumb Code     0  __rtentry2.o(.ARM.Collect$$rtentry$$00000009)
    __rt_entry_main                          0x00000133   Thumb Code     0  __rtentry2.o(.ARM.Collect$$rtentry$$0000000D)
    __rt_entry_postli_1                      0x00000133   Thumb Code     0  __rtentry2.o(.ARM.Collect$$rtentry$$0000000C)
    __rt_exit                                0x0000013b   Thumb Code     0  rtexit.o(.ARM.Collect$$rtexit$$00000000)
    __rt_exit_ls                             0x0000013d   Thumb Code     0  rtexit2.o(.ARM.Collect$$rtexit$$00000003)
    __rt_exit_prels_1                        0x0000013d   Thumb Code     0  rtexit2.o(.ARM.Collect$$rtexit$$00000002)
    __rt_exit_exit                           0x00000141   Thumb Code     0  rtexit2.o(.ARM.Collect$$rtexit$$00000004)
    Reset_Handler                            0x00000149   Thumb Code    12  startup_mkl25z4.o(.text)
    NMI_Handler                              0x00000155   Thumb Code     2  startup_mkl25z4.o(.text)
    HardFault_Handler                        0x00000157   Thumb Code     2  startup_mkl25z4.o(.text)
    SVC_Handler                              0x00000159   Thumb Code     2  startup_mkl25z4.o(.text)
    PendSV_Handler                           0x0000015b   Thumb Code     2  startup_mkl25z4.o(.text)
    ADC0_IRQHandler                          0x0000015f   Thumb Code     0  startup_mkl25z4.o(.text)
    CMP0_IRQHandler                          0x0000015f   Thumb Code     0  startup_mkl25z4.o(.text)
    DAC0_IRQHandler                          0x0000015f   Thumb Code     0  startup_mkl25z4.o(.text)
    DMA0_IRQHandler                          0x0000015f   Thumb Code     0  startup_mkl25z4.o(.text)
    DMA1_IRQHandler                          0x0000015f   Thumb Code     0  startup_mkl25z4.o(.text)
    DMA2_IRQHandler                          0x0000015f   Thumb Code     0  startup_mkl25z4.o(.text)
    DMA3_IRQHandler                          0x0000015f   Thumb Code     0  startup_mkl25z4.o(.text)
    DefaultISR                               0x0000015f   Thumb Code     0  startup_mkl25z4.o(.text)
    FTFA_IRQHandler                          0x0000015f   Thumb Code     0  startup_mkl25z4.o(.text)
    I2C0_IRQHandler                          0x0000015f   Thumb Code     0  startup_mkl25z4.o(.text)
    I2C1_IRQHandler                          0x0000015f   Thumb Code     0  startup_mkl25z4.o(.text)
    LLWU_IRQHandler                          0x0000015f   Thumb Code     0  startup_mkl25z4.o(.text)
    LPTMR0_IRQHandler                        0x0000015f   Thumb Code     0  startup_mkl25z4.o(.text)
    LVD_LVW_IRQHandler                       0x0000015f   Thumb Code     0  startup_mkl25z4.o(.text)
    MCG_IRQHandler                           0x0000015f   Thumb Code     0  startup_mkl25z4.o(.text)
    PIT_IRQHandler                           0x0000015f   Thumb Code     0  startup_mkl25z4.o(.text)
    PORTA_IRQHandler                         0x0000015f   Thumb Code     0  startup_mkl25z4.o(.text)
    PORTD_IRQHandler                         0x0000015f   Thumb Code     0  startup_mkl25z4.o(.text)
    RTC_IRQHandler                           0x0000015f   Thumb Code     0  startup_mkl25z4.o(.text)
    RTC_Seconds_IRQHandler                   0x0000015f   Thumb Code     0  startup_mkl25z4.o(.text)
    Reserved20_IRQHandler                    0x0000015f   Thumb Code     0  startup_mkl25z4.o(.text)
    Reserved39_IRQHandler                    0x0000015f   Thumb Code     0  startup_mkl25z4.o(.text)
    Reserved45_IRQHandler                    0x0000015f   Thumb Code     0  startup_mkl25z4.o(.text)
    SPI0_IRQHandler                          0x0000015f   Thumb Code     0  startup_mkl25z4.o(.text)
    SPI1_IRQHandler                          0x0000015f   Thumb Code     0  startup_mkl25z4.o(.text)
    TPM0_IRQHandler                          0x0000015f   Thumb Code     0  startup_mkl25z4.o(.text)
    TPM1_IRQHandler                          0x0000015f   Thumb Code     0  startup_mkl25z4.o(.text)
    TPM2_IRQHandler                          0x0000015f   Thumb Code     0  startup_mkl25z4.o(.text)
    TSI0_IRQHandler                          0x0000015f   Thumb Code     0  startup_mkl25z4.o(.text)
    UART0_IRQHandler                         0x0000015f   Thumb Code     0  startup_mkl25z4.o(.text)
    UART1_IRQHandler                         0x0000015f   Thumb Code     0  startup_mkl25z4.o(.text)
    UART2_IRQHandler                         0x0000015f   Thumb Code     0  startup_mkl25z4.o(.text)
    USB0_IRQHandler                          0x0000015f   Thumb Code     0  startup_mkl25z4.o(.text)
    __user_initial_stackheap                 0x00000165   Thumb Code     0  startup_mkl25z4.o(.text)
    __aeabi_uidiv                            0x00000189   Thumb Code     0  aeabi_sdiv.o(.text)
    __aeabi_uidivmod                         0x00000189   Thumb Code    20  aeabi_sdiv.o(.text)
    __aeabi_idiv                             0x0000019d   Thumb Code     0  aeabi_sdiv.o(.text)
    __aeabi_idivmod                          0x0000019d   Thumb Code   326  aeabi_sdiv.o(.text)
    __use_two_region_memory                  0x000002e3   Thumb Code     2  heapauxi.o(.text)
    __rt_heap_escrow$2region                 0x000002e5   Thumb Code     2  heapauxi.o(.text)
    __rt_heap_expand$2region                 0x000002e7   Thumb Code     2  heapauxi.o(.text)
    __fpl_fcmp_InfNaN                        0x000002e9   Thumb Code    96  fcmpin.o(.text)
    __fpl_cmpreturn                          0x0000034d   Thumb Code    46  cmpret.o(.text)
    __fpl_fcheck_NaN2                        0x0000037d   Thumb Code    10  fnan2.o(.text)
    __user_libspace                          0x0000038d   Thumb Code     8  libspace.o(.text)
    __user_perproc_libspace                  0x0000038d   Thumb Code     0  libspace.o(.text)
    __user_perthread_libspace                0x0000038d   Thumb Code     0  libspace.o(.text)
    __user_setup_stackheap                   0x00000395   Thumb Code    62  sys_stackheap_outer.o(.text)
    exit                                     0x000003d3   Thumb Code    16  exit.o(.text)
    _sys_exit                                0x000003e5   Thumb Code     8  sys_exit.o(.text)
    __I$use$semihosting                      0x000003f1   Thumb Code     0  use_no_semi.o(.text)
    __use_no_semihosting_swi                 0x000003f1   Thumb Code     2  use_no_semi.o(.text)
    __semihosting_library_function           0x000003f3   Thumb Code     0  indicate_semi.o(.text)
    __aeabi_fdiv                             0x00000411   Thumb Code     0  fdiv.o(.text)
    _fdiv                                    0x00000411   Thumb Code   334  fdiv.o(.text)
    _frdiv                                   0x0000055f   Thumb Code     8  fdiv.o(.text)
    __fpl_return_NaN                         0x00000571   Thumb Code    94  retnan.o(.text)
    __decompress                             0x000005cf   Thumb Code     0  __dczerorl2.o(.text)
    __decompress1                            0x000005cf   Thumb Code    86  __dczerorl2.o(.text)
    AsciiDisplay6_12                         0x00000625   Thumb Code   260  lcd_driver.o(i.AsciiDisplay6_12)
    AsciiDisplay8_16                         0x00000735   Thumb Code   150  lcd_driver.o(i.AsciiDisplay8_16)
    DrawMenu                                 0x00000855   Thumb Code   160  hmi.o(i.DrawMenu)
    GrAsciiDraw                              0x00000929   Thumb Code    48  lcd_driver.o(i.GrAsciiDraw)
    GrClear                                  0x00000959   Thumb Code    72  lcd_driver.o(i.GrClear)
    GrStringDraw                             0x000009a5   Thumb Code   104  lcd_driver.o(i.GrStringDraw)
    HzDisplay16_16                           0x00000a0d   Thumb Code   238  lcd_driver.o(i.HzDisplay16_16)
    Key_IODect                               0x00000c81   Thumb Code   198  hmi.o(i.Key_IODect)
    Key_Init                                 0x00000d5d   Thumb Code    12  hmi.o(i.Key_Init)
    LCD_DriverInit                           0x00000d69   Thumb Code   160  lcd_driver.o(i.LCD_DriverInit)
    RGB                                      0x00000e0d   Thumb Code    80  main.o(i.RGB)
    RGBLED_Init                              0x00000e61   Thumb Code    88  hmi.o(i.RGBLED_Init)
    SetAddress                               0x00000f05   Thumb Code    54  lcd_driver.o(i.SetAddress)
    SysTick_Handler                          0x00000f3d   Thumb Code    18  isr.o(i.SysTick_Handler)
    SysTick_Init                             0x00000f55   Thumb Code    12  hmi.o(i.SysTick_Init)
    SystemInit                               0x00000f69   Thumb Code     8  system_mkl25z4.o(i.SystemInit)
    System_Init                              0x00000f75   Thumb Code    12  main.o(i.System_Init)
    absn                                     0x00000fc9   Thumb Code    28  main.o(i.absn)
    accer_input                              0x00000fe5   Thumb Code    52  main.o(i.accer_input)
    choose_rl                                0x00001025   Thumb Code    14  main.o(i.choose_rl)
    delay_ms                                 0x00001055   Thumb Code    28  main.o(i.delay_ms)
    get_accer                                0x00001075   Thumb Code   186  main.o(i.get_accer)
    int2char                                 0x00001151   Thumb Code   106  hmi.o(i.int2char)
    key_reset                                0x000011c1   Thumb Code    16  main.o(i.key_reset)
    main                                     0x000011d5   Thumb Code   342  main.o(i.main)
    mergein                                  0x0000134d   Thumb Code    60  main.o(i.mergein)
    printinv                                 0x0000138d   Thumb Code    24  hmi.o(i.printinv)
    prints                                   0x000013a9   Thumb Code    24  hmi.o(i.prints)
    result_ju                                0x000013c5   Thumb Code    74  main.o(i.result_ju)
    __aeabi_fadd                             0x00001421   Thumb Code     0  faddsub.o(x$fpl$fadd)
    _fadd                                    0x00001421   Thumb Code   134  faddsub.o(x$fpl$fadd)
    __aeabi_cfcmple                          0x000014ad   Thumb Code     0  flef.o(x$fpl$fleqf)
    _fcmple                                  0x000014ad   Thumb Code    78  flef.o(x$fpl$fleqf)
    __aeabi_fmul                             0x00001501   Thumb Code     0  fmul.o(x$fpl$fmul)
    _fmul                                    0x00001501   Thumb Code   172  fmul.o(x$fpl$fmul)
    __aeabi_cfrcmple                         0x000015b1   Thumb Code     0  frlef.o(x$fpl$frleqf)
    _frcmple                                 0x000015b1   Thumb Code    84  frlef.o(x$fpl$frleqf)
    __aeabi_fsub                             0x00001609   Thumb Code     0  faddsub.o(x$fpl$fsub)
    _fsub                                    0x00001609   Thumb Code   204  faddsub.o(x$fpl$fsub)
    GB_16                                    0x000016d8   Data         578  lcd_driver.o(.constdata)
    __I$use$fp                               0x000016d8   Number         0  usenofp.o(x$fpl$usenofp)
    nAsciiDot                                0x0000191a   Data        1536  lcd_driver.o(.constdata)
    nAsciiDots                               0x00001f1a   Data        1152  lcd_driver.o(.constdata)
    Region$$Table$$Base                      0x000024ac   Number         0  anon$$obj.o(Region$$Table)
    Region$$Table$$Limit                     0x000024cc   Number         0  anon$$obj.o(Region$$Table)
    INVERSE                                  0x1ffff000   Data           1  lcd_driver.o(.data)
    Key_Prev                                 0x1ffff004   Data           1  main.o(.data)
    adc_result                               0x1ffff006   Data           2  main.o(.data)
    user_mode                                0x1ffff008   Data           4  main.o(.data)
    ui8Key                                   0x1ffff00c   Data           1  main.o(.data)
    Vin                                      0x1ffff010   Data           4  main.o(.data)
    eg1len                                   0x1ffff014   Data           4  main.o(.data)
    eg2data                                  0x1ffff018   Data         360  main.o(.data)
    eg2len                                   0x1ffff180   Data           4  main.o(.data)
    ccrt                                     0x1ffff184   Data           4  main.o(.data)
    metamax                                  0x1ffff188   Data           4  main.o(.data)
    result                                   0x1ffff18c   Data           4  main.o(.data)
    rgx                                      0x1ffff190   Data           4  main.o(.data)
    rgy                                      0x1ffff194   Data           4  main.o(.data)
    rgz                                      0x1ffff198   Data           4  main.o(.data)
    rpart                                    0x1ffff19c   Data           4  main.o(.data)
    accerth                                  0x1ffff1a0   Data           4  main.o(.data)
    main_choose                              0x1ffff1a4   Data           4  main.o(.data)
    egindex                                  0x1ffff1a8   Data           4  main.o(.data)
    cMark                                    0x1ffff1ac   Data          68  hmi.o(.data)
    cResult                                  0x1ffff1f0   Data          12  hmi.o(.data)
    N_SysTick                                0x1ffff200   Data           2  isr.o(.data)
    Template_Memory                          0x1ffff204   Data        1024  lcd_driver.o(.bss)
    databuf                                  0x1ffff604   Data          10  lcd_driver.o(.bss)
    eg1data                                  0x1ffff610   Data         360  main.o(.bss)
    __libspace_start                         0x1ffff784   Data          96  libspace.o(.bss)
    __temporary_stack_top$libspace           0x1ffff7e4   Data           0  libspace.o(.bss)



==============================================================================

Memory Map of the image

  Image Entry point : 0x00000149

  Load Region LR_1 (Base: 0x00000000, Size: 0x000026d0, Max: 0xffffffff, ABSOLUTE, COMPRESSED[0x00002548])

    Execution Region ER_RO (Exec base: 0x00000000, Load base: 0x00000000, Size: 0x000024cc, Max: 0xffffffff, ABSOLUTE)

    Exec Addr    Load Addr    Size         Type   Attr      Idx    E Section Name        Object

    0x00000000   0x00000000   0x000000c0   Data   RO          435    RESET               startup_mkl25z4.o
    0x000000c0   0x000000c0   0x00000008   Code   RO          491  * !!!main             c_p.l(__main.o)
    0x000000c8   0x000000c8   0x0000003c   Code   RO          761    !!!scatter          c_p.l(__scatter.o)
    0x00000104   0x00000104   0x0000001c   Code   RO          763    !!handler_zi        c_p.l(__scatter_zi.o)
    0x00000120   0x00000120   0x00000002   Code   RO          627    .ARM.Collect$$libinit$$00000000  c_p.l(libinit.o)
    0x00000122   0x00000122   0x00000000   Code   RO          642    .ARM.Collect$$libinit$$00000002  c_p.l(libinit2.o)
    0x00000122   0x00000122   0x00000000   Code   RO          644    .ARM.Collect$$libinit$$00000004  c_p.l(libinit2.o)
    0x00000122   0x00000122   0x00000000   Code   RO          647    .ARM.Collect$$libinit$$0000000A  c_p.l(libinit2.o)
    0x00000122   0x00000122   0x00000000   Code   RO          649    .ARM.Collect$$libinit$$0000000C  c_p.l(libinit2.o)
    0x00000122   0x00000122   0x00000000   Code   RO          651    .ARM.Collect$$libinit$$0000000E  c_p.l(libinit2.o)
    0x00000122   0x00000122   0x00000000   Code   RO          654    .ARM.Collect$$libinit$$00000011  c_p.l(libinit2.o)
    0x00000122   0x00000122   0x00000000   Code   RO          656    .ARM.Collect$$libinit$$00000013  c_p.l(libinit2.o)
    0x00000122   0x00000122   0x00000000   Code   RO          658    .ARM.Collect$$libinit$$00000015  c_p.l(libinit2.o)
    0x00000122   0x00000122   0x00000000   Code   RO          660    .ARM.Collect$$libinit$$00000017  c_p.l(libinit2.o)
    0x00000122   0x00000122   0x00000000   Code   RO          662    .ARM.Collect$$libinit$$00000019  c_p.l(libinit2.o)
    0x00000122   0x00000122   0x00000000   Code   RO          664    .ARM.Collect$$libinit$$0000001B  c_p.l(libinit2.o)
    0x00000122   0x00000122   0x00000000   Code   RO          666    .ARM.Collect$$libinit$$0000001D  c_p.l(libinit2.o)
    0x00000122   0x00000122   0x00000000   Code   RO          668    .ARM.Collect$$libinit$$0000001F  c_p.l(libinit2.o)
    0x00000122   0x00000122   0x00000000   Code   RO          670    .ARM.Collect$$libinit$$00000021  c_p.l(libinit2.o)
    0x00000122   0x00000122   0x00000000   Code   RO          672    .ARM.Collect$$libinit$$00000023  c_p.l(libinit2.o)
    0x00000122   0x00000122   0x00000000   Code   RO          674    .ARM.Collect$$libinit$$00000025  c_p.l(libinit2.o)
    0x00000122   0x00000122   0x00000000   Code   RO          678    .ARM.Collect$$libinit$$0000002C  c_p.l(libinit2.o)
    0x00000122   0x00000122   0x00000000   Code   RO          680    .ARM.Collect$$libinit$$0000002E  c_p.l(libinit2.o)
    0x00000122   0x00000122   0x00000000   Code   RO          682    .ARM.Collect$$libinit$$00000030  c_p.l(libinit2.o)
    0x00000122   0x00000122   0x00000000   Code   RO          684    .ARM.Collect$$libinit$$00000032  c_p.l(libinit2.o)
    0x00000122   0x00000122   0x00000002   Code   RO          685    .ARM.Collect$$libinit$$00000033  c_p.l(libinit2.o)
    0x00000124   0x00000124   0x00000002   Code   RO          716    .ARM.Collect$$libshutdown$$00000000  c_p.l(libshutdown.o)
    0x00000126   0x00000126   0x00000000   Code   RO          742    .ARM.Collect$$libshutdown$$00000002  c_p.l(libshutdown2.o)
    0x00000126   0x00000126   0x00000000   Code   RO          744    .ARM.Collect$$libshutdown$$00000004  c_p.l(libshutdown2.o)
    0x00000126   0x00000126   0x00000000   Code   RO          747    .ARM.Collect$$libshutdown$$00000007  c_p.l(libshutdown2.o)
    0x00000126   0x00000126   0x00000000   Code   RO          750    .ARM.Collect$$libshutdown$$0000000A  c_p.l(libshutdown2.o)
    0x00000126   0x00000126   0x00000000   Code   RO          752    .ARM.Collect$$libshutdown$$0000000C  c_p.l(libshutdown2.o)
    0x00000126   0x00000126   0x00000000   Code   RO          755    .ARM.Collect$$libshutdown$$0000000F  c_p.l(libshutdown2.o)
    0x00000126   0x00000126   0x00000002   Code   RO          756    .ARM.Collect$$libshutdown$$00000010  c_p.l(libshutdown2.o)
    0x00000128   0x00000128   0x00000000   Code   RO          535    .ARM.Collect$$rtentry$$00000000  c_p.l(__rtentry.o)
    0x00000128   0x00000128   0x00000000   Code   RO          579    .ARM.Collect$$rtentry$$00000002  c_p.l(__rtentry2.o)
    0x00000128   0x00000128   0x00000006   Code   RO          591    .ARM.Collect$$rtentry$$00000004  c_p.l(__rtentry4.o)
    0x0000012e   0x0000012e   0x00000000   Code   RO          581    .ARM.Collect$$rtentry$$00000009  c_p.l(__rtentry2.o)
    0x0000012e   0x0000012e   0x00000004   Code   RO          582    .ARM.Collect$$rtentry$$0000000A  c_p.l(__rtentry2.o)
    0x00000132   0x00000132   0x00000000   Code   RO          584    .ARM.Collect$$rtentry$$0000000C  c_p.l(__rtentry2.o)
    0x00000132   0x00000132   0x00000008   Code   RO          585    .ARM.Collect$$rtentry$$0000000D  c_p.l(__rtentry2.o)
    0x0000013a   0x0000013a   0x00000002   Code   RO          633    .ARM.Collect$$rtexit$$00000000  c_p.l(rtexit.o)
    0x0000013c   0x0000013c   0x00000000   Code   RO          689    .ARM.Collect$$rtexit$$00000002  c_p.l(rtexit2.o)
    0x0000013c   0x0000013c   0x00000004   Code   RO          690    .ARM.Collect$$rtexit$$00000003  c_p.l(rtexit2.o)
    0x00000140   0x00000140   0x00000006   Code   RO          691    .ARM.Collect$$rtexit$$00000004  c_p.l(rtexit2.o)
    0x00000146   0x00000146   0x00000002   PAD
    0x00000148   0x00000148   0x00000040   Code   RO          437  * .text               startup_mkl25z4.o
    0x00000188   0x00000188   0x0000015a   Code   RO          485    .text               c_p.l(aeabi_sdiv.o)
    0x000002e2   0x000002e2   0x00000006   Code   RO          489    .text               c_p.l(heapauxi.o)
    0x000002e8   0x000002e8   0x00000064   Code   RO          548    .text               fz_ps.l(fcmpin.o)
    0x0000034c   0x0000034c   0x0000002e   Code   RO          600    .text               fz_ps.l(cmpret.o)
    0x0000037a   0x0000037a   0x00000002   PAD
    0x0000037c   0x0000037c   0x00000010   Code   RO          608    .text               fz_ps.l(fnan2.o)
    0x0000038c   0x0000038c   0x00000008   Code   RO          610    .text               c_p.l(libspace.o)
    0x00000394   0x00000394   0x0000003e   Code   RO          613    .text               c_p.l(sys_stackheap_outer.o)
    0x000003d2   0x000003d2   0x00000010   Code   RO          616    .text               c_p.l(exit.o)
    0x000003e2   0x000003e2   0x00000002   PAD
    0x000003e4   0x000003e4   0x0000000c   Code   RO          686    .text               c_p.l(sys_exit.o)
    0x000003f0   0x000003f0   0x00000002   Code   RO          705    .text               c_p.l(use_no_semi.o)
    0x000003f2   0x000003f2   0x00000000   Code   RO          707    .text               c_p.l(indicate_semi.o)
    0x000003f2   0x000003f2   0x00000002   PAD
    0x000003f4   0x000003f4   0x0000000c   Code   RO          318    i.KEY_Down_Onclick  hmi.o
    0x00000400   0x00000400   0x00000010   Code   RO          436    .ARM.__at_0x400     startup_mkl25z4.o
    0x00000410   0x00000410   0x00000160   Code   RO          512    .text               fz_ps.l(fdiv.o)
    0x00000570   0x00000570   0x0000005e   Code   RO          630    .text               fz_ps.l(retnan.o)
    0x000005ce   0x000005ce   0x00000056   Code   RO          759    .text               c_p.l(__dczerorl2.o)
    0x00000624   0x00000624   0x00000110   Code   RO            3    i.AsciiDisplay6_12  lcd_driver.o
    0x00000734   0x00000734   0x000000a4   Code   RO            4    i.AsciiDisplay8_16  lcd_driver.o
    0x000007d8   0x000007d8   0x00000038   Code   RO          316    i.ButtonKey_Init    hmi.o
    0x00000810   0x00000810   0x00000044   Code   RO            5    i.COGClear          lcd_driver.o
    0x00000854   0x00000854   0x000000d4   Code   RO          317    i.DrawMenu          hmi.o
    0x00000928   0x00000928   0x00000030   Code   RO            6    i.GrAsciiDraw       lcd_driver.o
    0x00000958   0x00000958   0x0000004c   Code   RO            7    i.GrClear           lcd_driver.o
    0x000009a4   0x000009a4   0x00000068   Code   RO           12    i.GrStringDraw      lcd_driver.o
    0x00000a0c   0x00000a0c   0x00000118   Code   RO           17    i.HzDisplay16_16    lcd_driver.o
    0x00000b24   0x00000b24   0x00000108   Code   RO           18    i.InitGPIOLCDInterface  lcd_driver.o
    0x00000c2c   0x00000c2c   0x00000030   Code   RO           19    i.InitLCDDisplayBuffer  lcd_driver.o
    0x00000c5c   0x00000c5c   0x0000000c   Code   RO          319    i.KEY_Left_Onclick  hmi.o
    0x00000c68   0x00000c68   0x0000000c   Code   RO          320    i.KEY_Right_Onclick  hmi.o
    0x00000c74   0x00000c74   0x0000000c   Code   RO          321    i.KEY_Up_Onclick    hmi.o
    0x00000c80   0x00000c80   0x000000dc   Code   RO          322    i.Key_IODect        hmi.o
    0x00000d5c   0x00000d5c   0x0000000c   Code   RO          323    i.Key_Init          hmi.o
    0x00000d68   0x00000d68   0x000000a4   Code   RO           20    i.LCD_DriverInit    lcd_driver.o
    0x00000e0c   0x00000e0c   0x00000054   Code   RO          218    i.RGB               main.o
    0x00000e60   0x00000e60   0x00000068   Code   RO          324    i.RGBLED_Init       hmi.o
    0x00000ec8   0x00000ec8   0x0000003c   Code   RO           23    i.SendByte          lcd_driver.o
    0x00000f04   0x00000f04   0x00000036   Code   RO           24    i.SetAddress        lcd_driver.o
    0x00000f3a   0x00000f3a   0x00000002   PAD
    0x00000f3c   0x00000f3c   0x00000018   Code   RO          408    i.SysTick_Handler   isr.o
    0x00000f54   0x00000f54   0x00000014   Code   RO          325    i.SysTick_Init      hmi.o
    0x00000f68   0x00000f68   0x0000000c   Code   RO          446    i.SystemInit        system_mkl25z4.o
    0x00000f74   0x00000f74   0x0000000c   Code   RO          219    i.System_Init       main.o
    0x00000f80   0x00000f80   0x00000024   Code   RO           25    i.WriteCommand      lcd_driver.o
    0x00000fa4   0x00000fa4   0x00000024   Code   RO           26    i.WriteData         lcd_driver.o
    0x00000fc8   0x00000fc8   0x0000001c   Code   RO          220    i.absn              main.o
    0x00000fe4   0x00000fe4   0x00000040   Code   RO          221    i.accer_input       main.o
    0x00001024   0x00001024   0x0000000e   Code   RO          222    i.choose_rl         main.o
    0x00001032   0x00001032   0x00000002   PAD
    0x00001034   0x00001034   0x00000020   Code   RO           28    i.delay_COG12864    lcd_driver.o
    0x00001054   0x00001054   0x00000020   Code   RO          224    i.delay_ms          main.o
    0x00001074   0x00001074   0x000000dc   Code   RO          225    i.get_accer         main.o
    0x00001150   0x00001150   0x00000070   Code   RO          326    i.int2char          hmi.o
    0x000011c0   0x000011c0   0x00000014   Code   RO          226    i.key_reset         main.o
    0x000011d4   0x000011d4   0x00000178   Code   RO          227    i.main              main.o
    0x0000134c   0x0000134c   0x00000040   Code   RO          228    i.mergein           main.o
    0x0000138c   0x0000138c   0x0000001c   Code   RO          327    i.printinv          hmi.o
    0x000013a8   0x000013a8   0x0000001c   Code   RO          328    i.prints            hmi.o
    0x000013c4   0x000013c4   0x0000005c   Code   RO          229    i.result_ju         main.o
    0x00001420   0x00001420   0x0000008c   Code   RO          506    x$fpl$fadd          fz_ps.l(faddsub.o)
    0x000014ac   0x000014ac   0x00000054   Code   RO          519    x$fpl$fleqf         fz_ps.l(flef.o)
    0x00001500   0x00001500   0x000000b0   Code   RO          521    x$fpl$fmul          fz_ps.l(fmul.o)
    0x000015b0   0x000015b0   0x00000058   Code   RO          523    x$fpl$frleqf        fz_ps.l(frlef.o)
    0x00001608   0x00001608   0x000000d0   Code   RO          508    x$fpl$fsub          fz_ps.l(faddsub.o)
    0x000016d8   0x000016d8   0x00000000   Code   RO          550    x$fpl$usenofp       fz_ps.l(usenofp.o)
    0x000016d8   0x000016d8   0x00000cc2   Data   RO           32    .constdata          lcd_driver.o
    0x0000239a   0x0000239a   0x00000040   Data   RO          513    .constdata          fz_ps.l(fdiv.o)
    0x000023da   0x000023da   0x00000002   PAD
    0x000023dc   0x000023dc   0x000000cd   Data   RO          330    .conststring        hmi.o
    0x000024a9   0x000024a9   0x00000003   PAD
    0x000024ac   0x000024ac   0x00000020   Data   RO          757    Region$$Table       anon$$obj.o


    Execution Region ER_RW (Exec base: 0x1ffff000, Load base: 0x000024cc, Size: 0x00000204, Max: 0xffffffff, ABSOLUTE, COMPRESSED[0x0000007c])

    Exec Addr    Load Addr    Size         Type   Attr      Idx    E Section Name        Object

    0x1ffff000   COMPRESSED   0x00000001   Data   RW           33    .data               lcd_driver.o
    0x1ffff001   COMPRESSED   0x00000003   PAD
    0x1ffff004   COMPRESSED   0x000001a8   Data   RW          231    .data               main.o
    0x1ffff1ac   COMPRESSED   0x00000054   Data   RW          331    .data               hmi.o
    0x1ffff200   COMPRESSED   0x00000002   Data   RW          409    .data               isr.o


    Execution Region ER_ZI (Exec base: 0x1ffff204, Load base: 0x00002548, Size: 0x000006e4, Max: 0xffffffff, ABSOLUTE)

    Exec Addr    Load Addr    Size         Type   Attr      Idx    E Section Name        Object

    0x1ffff204        -       0x0000040a   Zero   RW           31    .bss                lcd_driver.o
    0x1ffff60e   0x00002548   0x00000002   PAD
    0x1ffff610        -       0x00000168   Zero   RW          230    .bss                main.o
    0x1ffff778        -       0x0000000a   Zero   RW          329    .bss                hmi.o
    0x1ffff782   0x00002548   0x00000002   PAD
    0x1ffff784        -       0x00000060   Zero   RW          611    .bss                c_p.l(libspace.o)
    0x1ffff7e4   0x00002548   0x00000004   PAD
    0x1ffff7e8        -       0x00000000   Zero   RW          434    HEAP                startup_mkl25z4.o
    0x1ffff7e8        -       0x00000100   Zero   RW          433    STACK               startup_mkl25z4.o


==============================================================================

Image component sizes


      Code (inc. data)   RO Data    RW Data    ZI Data      Debug   Object Name

       840        142        205         84         10       6483   hmi.o
        24          6          0          2          0        582   isr.o
      1706        134       3266          1       1034      14013   lcd_driver.o
      1006        114          0        424        360       6264   main.o
        80         44        192          0        256        844   startup_mkl25z4.o
        12          4          0          0          0        425   system_mkl25z4.o

    ----------------------------------------------------------------------
      3672        444       3698        516       1664      28611   Object Totals
         0          0         32          0          0          0   (incl. Generated)
         4          0          3          5          4          0   (incl. Padding)

    ----------------------------------------------------------------------

      Code (inc. data)   RO Data    RW Data    ZI Data      Debug   Library Member Name

        86          0          0          0          0          0   __dczerorl2.o
         8          0          0          0          0         68   __main.o
         0          0          0          0          0          0   __rtentry.o
        12          0          0          0          0          0   __rtentry2.o
         6          0          0          0          0          0   __rtentry4.o
        60          8          0          0          0          0   __scatter.o
        28          0          0          0          0          0   __scatter_zi.o
       346          0          0          0          0         92   aeabi_sdiv.o
        16          0          0          0          0         68   exit.o
         6          0          0          0          0        136   heapauxi.o
         0          0          0          0          0          0   indicate_semi.o
         2          0          0          0          0          0   libinit.o
         2          0          0          0          0          0   libinit2.o
         2          0          0          0          0          0   libshutdown.o
         2          0          0          0          0          0   libshutdown2.o
         8          4          0          0         96         68   libspace.o
         2          0          0          0          0          0   rtexit.o
        10          0          0          0          0          0   rtexit2.o
        12          4          0          0          0         60   sys_exit.o
        62          0          0          0          0         80   sys_stackheap_outer.o
         2          0          0          0          0         68   use_no_semi.o
        46          0          0          0          0         60   cmpret.o
       348          8          0          0          0        160   faddsub.o
       100          4          0          0          0         68   fcmpin.o
       352         10         64          0          0         92   fdiv.o
        84          4          0          0          0         76   flef.o
       176          4          0          0          0         80   fmul.o
        16          6          0          0          0         68   fnan2.o
        88          4          0          0          0         76   frlef.o
        94          0          0          0          0         68   retnan.o
         0          0          0          0          0          0   usenofp.o

    ----------------------------------------------------------------------
      1984         56         66          0        100       1388   Library Totals
         8          0          2          0          4          0   (incl. Padding)

    ----------------------------------------------------------------------

      Code (inc. data)   RO Data    RW Data    ZI Data      Debug   Library Name

       672         16          0          0         96        640   c_p.l
      1304         40         64          0          0        748   fz_ps.l

    ----------------------------------------------------------------------
      1984         56         66          0        100       1388   Library Totals

    ----------------------------------------------------------------------

==============================================================================


      Code (inc. data)   RO Data    RW Data    ZI Data      Debug   

      5656        500       3764        516       1764      27663   Grand Totals
      5656        500       3764        124       1764      27663   ELF Image Totals (compressed)
      5656        500       3764        124          0          0   ROM Totals

==============================================================================

    Total RO  Size (Code + RO Data)                 9420 (   9.20kB)
    Total RW  Size (RW Data + ZI Data)              2280 (   2.23kB)
    Total ROM Size (Code + RO Data + RW Data)       9544 (   9.32kB)

==============================================================================

